**************************************************
Report         : passing_points

Reference      : Ref:/WORK/PCS
Implementation : Imp:/WORK/PCS
Version        : L-2016.03-SP1
Date           : Fri Jun  7 14:04:41 2024
**************************************************

452 Passing compare points:

  Ref  DFF        Ref:/WORK/PCS/PCS_RX_U/Comma_Detection_U/count_reg[0]
  Impl DFF        Imp:/WORK/PCS/PCS_RX_U/Comma_Detection_U/count_reg[0]

  Ref  DFF        Ref:/WORK/PCS/PCS_RX_U/Comma_Detection_U/count_reg[1]
  Impl DFF        Imp:/WORK/PCS/PCS_RX_U/Comma_Detection_U/count_reg[1]

  Ref  DFF        Ref:/WORK/PCS/PCS_RX_U/Comma_Detection_U/count_reg[2]
  Impl DFF        Imp:/WORK/PCS/PCS_RX_U/Comma_Detection_U/count_reg[2]

  Ref  DFF        Ref:/WORK/PCS/PCS_RX_U/Comma_Detection_U/count_reg[3]
  Impl DFF        Imp:/WORK/PCS/PCS_RX_U/Comma_Detection_U/count_reg[3]

  Ref  DFF        Ref:/WORK/PCS/PCS_RX_U/Comma_Detection_U/count_reg[4]
  Impl DFF        Imp:/WORK/PCS/PCS_RX_U/Comma_Detection_U/count_reg[4]

  Ref  DFF        Ref:/WORK/PCS/PCS_RX_U/Comma_Detection_U/count_reg[5]
  Impl DFF        Imp:/WORK/PCS/PCS_RX_U/Comma_Detection_U/count_reg[5]

  Ref  DFF        Ref:/WORK/PCS/PCS_RX_U/Comma_Detection_U/cs_reg[0]
  Impl DFF        Imp:/WORK/PCS/PCS_RX_U/Comma_Detection_U/cs_reg[0]

  Ref  DFF        Ref:/WORK/PCS/PCS_RX_U/Comma_Detection_U/cs_reg[1]
  Impl DFF        Imp:/WORK/PCS/PCS_RX_U/Comma_Detection_U/cs_reg[1]

  Ref  DFF        Ref:/WORK/PCS/PCS_RX_U/buffer/elastic_mem_inst/buffer_reg[0][0]
  Impl DFF        Imp:/WORK/PCS/PCS_RX_U/buffer/elastic_mem_inst/buffer_reg[0][0]

  Ref  DFF        Ref:/WORK/PCS/PCS_RX_U/buffer/elastic_mem_inst/buffer_reg[0][1]
  Impl DFF        Imp:/WORK/PCS/PCS_RX_U/buffer/elastic_mem_inst/buffer_reg[0][1]

  Ref  DFF        Ref:/WORK/PCS/PCS_RX_U/buffer/elastic_mem_inst/buffer_reg[0][2]
  Impl DFF        Imp:/WORK/PCS/PCS_RX_U/buffer/elastic_mem_inst/buffer_reg[0][2]

  Ref  DFF        Ref:/WORK/PCS/PCS_RX_U/buffer/elastic_mem_inst/buffer_reg[0][3]
  Impl DFF        Imp:/WORK/PCS/PCS_RX_U/buffer/elastic_mem_inst/buffer_reg[0][3]

  Ref  DFF        Ref:/WORK/PCS/PCS_RX_U/buffer/elastic_mem_inst/buffer_reg[0][4]
  Impl DFF        Imp:/WORK/PCS/PCS_RX_U/buffer/elastic_mem_inst/buffer_reg[0][4]

  Ref  DFF        Ref:/WORK/PCS/PCS_RX_U/buffer/elastic_mem_inst/buffer_reg[0][5]
  Impl DFF        Imp:/WORK/PCS/PCS_RX_U/buffer/elastic_mem_inst/buffer_reg[0][5]

  Ref  DFF        Ref:/WORK/PCS/PCS_RX_U/buffer/elastic_mem_inst/buffer_reg[0][6]
  Impl DFF        Imp:/WORK/PCS/PCS_RX_U/buffer/elastic_mem_inst/buffer_reg[0][6]

  Ref  DFF        Ref:/WORK/PCS/PCS_RX_U/buffer/elastic_mem_inst/buffer_reg[0][7]
  Impl DFF        Imp:/WORK/PCS/PCS_RX_U/buffer/elastic_mem_inst/buffer_reg[0][7]

  Ref  DFF        Ref:/WORK/PCS/PCS_RX_U/buffer/elastic_mem_inst/buffer_reg[0][8]
  Impl DFF        Imp:/WORK/PCS/PCS_RX_U/buffer/elastic_mem_inst/buffer_reg[0][8]

  Ref  DFF        Ref:/WORK/PCS/PCS_RX_U/buffer/elastic_mem_inst/buffer_reg[0][9]
  Impl DFF        Imp:/WORK/PCS/PCS_RX_U/buffer/elastic_mem_inst/buffer_reg[0][9]

  Ref  DFF        Ref:/WORK/PCS/PCS_RX_U/buffer/elastic_mem_inst/buffer_reg[10][0]
  Impl DFF        Imp:/WORK/PCS/PCS_RX_U/buffer/elastic_mem_inst/buffer_reg[10][0]

  Ref  DFF        Ref:/WORK/PCS/PCS_RX_U/buffer/elastic_mem_inst/buffer_reg[10][1]
  Impl DFF        Imp:/WORK/PCS/PCS_RX_U/buffer/elastic_mem_inst/buffer_reg[10][1]

  Ref  DFF        Ref:/WORK/PCS/PCS_RX_U/buffer/elastic_mem_inst/buffer_reg[10][2]
  Impl DFF        Imp:/WORK/PCS/PCS_RX_U/buffer/elastic_mem_inst/buffer_reg[10][2]

  Ref  DFF        Ref:/WORK/PCS/PCS_RX_U/buffer/elastic_mem_inst/buffer_reg[10][3]
  Impl DFF        Imp:/WORK/PCS/PCS_RX_U/buffer/elastic_mem_inst/buffer_reg[10][3]

  Ref  DFF        Ref:/WORK/PCS/PCS_RX_U/buffer/elastic_mem_inst/buffer_reg[10][4]
  Impl DFF        Imp:/WORK/PCS/PCS_RX_U/buffer/elastic_mem_inst/buffer_reg[10][4]

  Ref  DFF        Ref:/WORK/PCS/PCS_RX_U/buffer/elastic_mem_inst/buffer_reg[10][5]
  Impl DFF        Imp:/WORK/PCS/PCS_RX_U/buffer/elastic_mem_inst/buffer_reg[10][5]

  Ref  DFF        Ref:/WORK/PCS/PCS_RX_U/buffer/elastic_mem_inst/buffer_reg[10][6]
  Impl DFF        Imp:/WORK/PCS/PCS_RX_U/buffer/elastic_mem_inst/buffer_reg[10][6]

  Ref  DFF        Ref:/WORK/PCS/PCS_RX_U/buffer/elastic_mem_inst/buffer_reg[10][7]
  Impl DFF        Imp:/WORK/PCS/PCS_RX_U/buffer/elastic_mem_inst/buffer_reg[10][7]

  Ref  DFF        Ref:/WORK/PCS/PCS_RX_U/buffer/elastic_mem_inst/buffer_reg[10][8]
  Impl DFF        Imp:/WORK/PCS/PCS_RX_U/buffer/elastic_mem_inst/buffer_reg[10][8]

  Ref  DFF        Ref:/WORK/PCS/PCS_RX_U/buffer/elastic_mem_inst/buffer_reg[10][9]
  Impl DFF        Imp:/WORK/PCS/PCS_RX_U/buffer/elastic_mem_inst/buffer_reg[10][9]

  Ref  DFF        Ref:/WORK/PCS/PCS_RX_U/buffer/elastic_mem_inst/buffer_reg[11][0]
  Impl DFF        Imp:/WORK/PCS/PCS_RX_U/buffer/elastic_mem_inst/buffer_reg[11][0]

  Ref  DFF        Ref:/WORK/PCS/PCS_RX_U/buffer/elastic_mem_inst/buffer_reg[11][1]
  Impl DFF        Imp:/WORK/PCS/PCS_RX_U/buffer/elastic_mem_inst/buffer_reg[11][1]

  Ref  DFF        Ref:/WORK/PCS/PCS_RX_U/buffer/elastic_mem_inst/buffer_reg[11][2]
  Impl DFF        Imp:/WORK/PCS/PCS_RX_U/buffer/elastic_mem_inst/buffer_reg[11][2]

  Ref  DFF        Ref:/WORK/PCS/PCS_RX_U/buffer/elastic_mem_inst/buffer_reg[11][3]
  Impl DFF        Imp:/WORK/PCS/PCS_RX_U/buffer/elastic_mem_inst/buffer_reg[11][3]

  Ref  DFF        Ref:/WORK/PCS/PCS_RX_U/buffer/elastic_mem_inst/buffer_reg[11][4]
  Impl DFF        Imp:/WORK/PCS/PCS_RX_U/buffer/elastic_mem_inst/buffer_reg[11][4]

  Ref  DFF        Ref:/WORK/PCS/PCS_RX_U/buffer/elastic_mem_inst/buffer_reg[11][5]
  Impl DFF        Imp:/WORK/PCS/PCS_RX_U/buffer/elastic_mem_inst/buffer_reg[11][5]

  Ref  DFF        Ref:/WORK/PCS/PCS_RX_U/buffer/elastic_mem_inst/buffer_reg[11][6]
  Impl DFF        Imp:/WORK/PCS/PCS_RX_U/buffer/elastic_mem_inst/buffer_reg[11][6]

  Ref  DFF        Ref:/WORK/PCS/PCS_RX_U/buffer/elastic_mem_inst/buffer_reg[11][7]
  Impl DFF        Imp:/WORK/PCS/PCS_RX_U/buffer/elastic_mem_inst/buffer_reg[11][7]

  Ref  DFF        Ref:/WORK/PCS/PCS_RX_U/buffer/elastic_mem_inst/buffer_reg[11][8]
  Impl DFF        Imp:/WORK/PCS/PCS_RX_U/buffer/elastic_mem_inst/buffer_reg[11][8]

  Ref  DFF        Ref:/WORK/PCS/PCS_RX_U/buffer/elastic_mem_inst/buffer_reg[11][9]
  Impl DFF        Imp:/WORK/PCS/PCS_RX_U/buffer/elastic_mem_inst/buffer_reg[11][9]

  Ref  DFF        Ref:/WORK/PCS/PCS_RX_U/buffer/elastic_mem_inst/buffer_reg[12][0]
  Impl DFF        Imp:/WORK/PCS/PCS_RX_U/buffer/elastic_mem_inst/buffer_reg[12][0]

  Ref  DFF        Ref:/WORK/PCS/PCS_RX_U/buffer/elastic_mem_inst/buffer_reg[12][1]
  Impl DFF        Imp:/WORK/PCS/PCS_RX_U/buffer/elastic_mem_inst/buffer_reg[12][1]

  Ref  DFF        Ref:/WORK/PCS/PCS_RX_U/buffer/elastic_mem_inst/buffer_reg[12][2]
  Impl DFF        Imp:/WORK/PCS/PCS_RX_U/buffer/elastic_mem_inst/buffer_reg[12][2]

  Ref  DFF        Ref:/WORK/PCS/PCS_RX_U/buffer/elastic_mem_inst/buffer_reg[12][3]
  Impl DFF        Imp:/WORK/PCS/PCS_RX_U/buffer/elastic_mem_inst/buffer_reg[12][3]

  Ref  DFF        Ref:/WORK/PCS/PCS_RX_U/buffer/elastic_mem_inst/buffer_reg[12][4]
  Impl DFF        Imp:/WORK/PCS/PCS_RX_U/buffer/elastic_mem_inst/buffer_reg[12][4]

  Ref  DFF        Ref:/WORK/PCS/PCS_RX_U/buffer/elastic_mem_inst/buffer_reg[12][5]
  Impl DFF        Imp:/WORK/PCS/PCS_RX_U/buffer/elastic_mem_inst/buffer_reg[12][5]

  Ref  DFF        Ref:/WORK/PCS/PCS_RX_U/buffer/elastic_mem_inst/buffer_reg[12][6]
  Impl DFF        Imp:/WORK/PCS/PCS_RX_U/buffer/elastic_mem_inst/buffer_reg[12][6]

  Ref  DFF        Ref:/WORK/PCS/PCS_RX_U/buffer/elastic_mem_inst/buffer_reg[12][7]
  Impl DFF        Imp:/WORK/PCS/PCS_RX_U/buffer/elastic_mem_inst/buffer_reg[12][7]

  Ref  DFF        Ref:/WORK/PCS/PCS_RX_U/buffer/elastic_mem_inst/buffer_reg[12][8]
  Impl DFF        Imp:/WORK/PCS/PCS_RX_U/buffer/elastic_mem_inst/buffer_reg[12][8]

  Ref  DFF        Ref:/WORK/PCS/PCS_RX_U/buffer/elastic_mem_inst/buffer_reg[12][9]
  Impl DFF        Imp:/WORK/PCS/PCS_RX_U/buffer/elastic_mem_inst/buffer_reg[12][9]

  Ref  DFF        Ref:/WORK/PCS/PCS_RX_U/buffer/elastic_mem_inst/buffer_reg[13][0]
  Impl DFF        Imp:/WORK/PCS/PCS_RX_U/buffer/elastic_mem_inst/buffer_reg[13][0]

  Ref  DFF        Ref:/WORK/PCS/PCS_RX_U/buffer/elastic_mem_inst/buffer_reg[13][1]
  Impl DFF        Imp:/WORK/PCS/PCS_RX_U/buffer/elastic_mem_inst/buffer_reg[13][1]

  Ref  DFF        Ref:/WORK/PCS/PCS_RX_U/buffer/elastic_mem_inst/buffer_reg[13][2]
  Impl DFF        Imp:/WORK/PCS/PCS_RX_U/buffer/elastic_mem_inst/buffer_reg[13][2]

  Ref  DFF        Ref:/WORK/PCS/PCS_RX_U/buffer/elastic_mem_inst/buffer_reg[13][3]
  Impl DFF        Imp:/WORK/PCS/PCS_RX_U/buffer/elastic_mem_inst/buffer_reg[13][3]

  Ref  DFF        Ref:/WORK/PCS/PCS_RX_U/buffer/elastic_mem_inst/buffer_reg[13][4]
  Impl DFF        Imp:/WORK/PCS/PCS_RX_U/buffer/elastic_mem_inst/buffer_reg[13][4]

  Ref  DFF        Ref:/WORK/PCS/PCS_RX_U/buffer/elastic_mem_inst/buffer_reg[13][5]
  Impl DFF        Imp:/WORK/PCS/PCS_RX_U/buffer/elastic_mem_inst/buffer_reg[13][5]

  Ref  DFF        Ref:/WORK/PCS/PCS_RX_U/buffer/elastic_mem_inst/buffer_reg[13][6]
  Impl DFF        Imp:/WORK/PCS/PCS_RX_U/buffer/elastic_mem_inst/buffer_reg[13][6]

  Ref  DFF        Ref:/WORK/PCS/PCS_RX_U/buffer/elastic_mem_inst/buffer_reg[13][7]
  Impl DFF        Imp:/WORK/PCS/PCS_RX_U/buffer/elastic_mem_inst/buffer_reg[13][7]

  Ref  DFF        Ref:/WORK/PCS/PCS_RX_U/buffer/elastic_mem_inst/buffer_reg[13][8]
  Impl DFF        Imp:/WORK/PCS/PCS_RX_U/buffer/elastic_mem_inst/buffer_reg[13][8]

  Ref  DFF        Ref:/WORK/PCS/PCS_RX_U/buffer/elastic_mem_inst/buffer_reg[13][9]
  Impl DFF        Imp:/WORK/PCS/PCS_RX_U/buffer/elastic_mem_inst/buffer_reg[13][9]

  Ref  DFF        Ref:/WORK/PCS/PCS_RX_U/buffer/elastic_mem_inst/buffer_reg[14][0]
  Impl DFF        Imp:/WORK/PCS/PCS_RX_U/buffer/elastic_mem_inst/buffer_reg[14][0]

  Ref  DFF        Ref:/WORK/PCS/PCS_RX_U/buffer/elastic_mem_inst/buffer_reg[14][1]
  Impl DFF        Imp:/WORK/PCS/PCS_RX_U/buffer/elastic_mem_inst/buffer_reg[14][1]

  Ref  DFF        Ref:/WORK/PCS/PCS_RX_U/buffer/elastic_mem_inst/buffer_reg[14][2]
  Impl DFF        Imp:/WORK/PCS/PCS_RX_U/buffer/elastic_mem_inst/buffer_reg[14][2]

  Ref  DFF        Ref:/WORK/PCS/PCS_RX_U/buffer/elastic_mem_inst/buffer_reg[14][3]
  Impl DFF        Imp:/WORK/PCS/PCS_RX_U/buffer/elastic_mem_inst/buffer_reg[14][3]

  Ref  DFF        Ref:/WORK/PCS/PCS_RX_U/buffer/elastic_mem_inst/buffer_reg[14][4]
  Impl DFF        Imp:/WORK/PCS/PCS_RX_U/buffer/elastic_mem_inst/buffer_reg[14][4]

  Ref  DFF        Ref:/WORK/PCS/PCS_RX_U/buffer/elastic_mem_inst/buffer_reg[14][5]
  Impl DFF        Imp:/WORK/PCS/PCS_RX_U/buffer/elastic_mem_inst/buffer_reg[14][5]

  Ref  DFF        Ref:/WORK/PCS/PCS_RX_U/buffer/elastic_mem_inst/buffer_reg[14][6]
  Impl DFF        Imp:/WORK/PCS/PCS_RX_U/buffer/elastic_mem_inst/buffer_reg[14][6]

  Ref  DFF        Ref:/WORK/PCS/PCS_RX_U/buffer/elastic_mem_inst/buffer_reg[14][7]
  Impl DFF        Imp:/WORK/PCS/PCS_RX_U/buffer/elastic_mem_inst/buffer_reg[14][7]

  Ref  DFF        Ref:/WORK/PCS/PCS_RX_U/buffer/elastic_mem_inst/buffer_reg[14][8]
  Impl DFF        Imp:/WORK/PCS/PCS_RX_U/buffer/elastic_mem_inst/buffer_reg[14][8]

  Ref  DFF        Ref:/WORK/PCS/PCS_RX_U/buffer/elastic_mem_inst/buffer_reg[14][9]
  Impl DFF        Imp:/WORK/PCS/PCS_RX_U/buffer/elastic_mem_inst/buffer_reg[14][9]

  Ref  DFF        Ref:/WORK/PCS/PCS_RX_U/buffer/elastic_mem_inst/buffer_reg[15][0]
  Impl DFF        Imp:/WORK/PCS/PCS_RX_U/buffer/elastic_mem_inst/buffer_reg[15][0]

  Ref  DFF        Ref:/WORK/PCS/PCS_RX_U/buffer/elastic_mem_inst/buffer_reg[15][1]
  Impl DFF        Imp:/WORK/PCS/PCS_RX_U/buffer/elastic_mem_inst/buffer_reg[15][1]

  Ref  DFF        Ref:/WORK/PCS/PCS_RX_U/buffer/elastic_mem_inst/buffer_reg[15][2]
  Impl DFF        Imp:/WORK/PCS/PCS_RX_U/buffer/elastic_mem_inst/buffer_reg[15][2]

  Ref  DFF        Ref:/WORK/PCS/PCS_RX_U/buffer/elastic_mem_inst/buffer_reg[15][3]
  Impl DFF        Imp:/WORK/PCS/PCS_RX_U/buffer/elastic_mem_inst/buffer_reg[15][3]

  Ref  DFF        Ref:/WORK/PCS/PCS_RX_U/buffer/elastic_mem_inst/buffer_reg[15][4]
  Impl DFF        Imp:/WORK/PCS/PCS_RX_U/buffer/elastic_mem_inst/buffer_reg[15][4]

  Ref  DFF        Ref:/WORK/PCS/PCS_RX_U/buffer/elastic_mem_inst/buffer_reg[15][5]
  Impl DFF        Imp:/WORK/PCS/PCS_RX_U/buffer/elastic_mem_inst/buffer_reg[15][5]

  Ref  DFF        Ref:/WORK/PCS/PCS_RX_U/buffer/elastic_mem_inst/buffer_reg[15][6]
  Impl DFF        Imp:/WORK/PCS/PCS_RX_U/buffer/elastic_mem_inst/buffer_reg[15][6]

  Ref  DFF        Ref:/WORK/PCS/PCS_RX_U/buffer/elastic_mem_inst/buffer_reg[15][7]
  Impl DFF        Imp:/WORK/PCS/PCS_RX_U/buffer/elastic_mem_inst/buffer_reg[15][7]

  Ref  DFF        Ref:/WORK/PCS/PCS_RX_U/buffer/elastic_mem_inst/buffer_reg[15][8]
  Impl DFF        Imp:/WORK/PCS/PCS_RX_U/buffer/elastic_mem_inst/buffer_reg[15][8]

  Ref  DFF        Ref:/WORK/PCS/PCS_RX_U/buffer/elastic_mem_inst/buffer_reg[15][9]
  Impl DFF        Imp:/WORK/PCS/PCS_RX_U/buffer/elastic_mem_inst/buffer_reg[15][9]

  Ref  DFF        Ref:/WORK/PCS/PCS_RX_U/buffer/elastic_mem_inst/buffer_reg[1][0]
  Impl DFF        Imp:/WORK/PCS/PCS_RX_U/buffer/elastic_mem_inst/buffer_reg[1][0]

  Ref  DFF        Ref:/WORK/PCS/PCS_RX_U/buffer/elastic_mem_inst/buffer_reg[1][1]
  Impl DFF        Imp:/WORK/PCS/PCS_RX_U/buffer/elastic_mem_inst/buffer_reg[1][1]

  Ref  DFF        Ref:/WORK/PCS/PCS_RX_U/buffer/elastic_mem_inst/buffer_reg[1][2]
  Impl DFF        Imp:/WORK/PCS/PCS_RX_U/buffer/elastic_mem_inst/buffer_reg[1][2]

  Ref  DFF        Ref:/WORK/PCS/PCS_RX_U/buffer/elastic_mem_inst/buffer_reg[1][3]
  Impl DFF        Imp:/WORK/PCS/PCS_RX_U/buffer/elastic_mem_inst/buffer_reg[1][3]

  Ref  DFF        Ref:/WORK/PCS/PCS_RX_U/buffer/elastic_mem_inst/buffer_reg[1][4]
  Impl DFF        Imp:/WORK/PCS/PCS_RX_U/buffer/elastic_mem_inst/buffer_reg[1][4]

  Ref  DFF        Ref:/WORK/PCS/PCS_RX_U/buffer/elastic_mem_inst/buffer_reg[1][5]
  Impl DFF        Imp:/WORK/PCS/PCS_RX_U/buffer/elastic_mem_inst/buffer_reg[1][5]

  Ref  DFF        Ref:/WORK/PCS/PCS_RX_U/buffer/elastic_mem_inst/buffer_reg[1][6]
  Impl DFF        Imp:/WORK/PCS/PCS_RX_U/buffer/elastic_mem_inst/buffer_reg[1][6]

  Ref  DFF        Ref:/WORK/PCS/PCS_RX_U/buffer/elastic_mem_inst/buffer_reg[1][7]
  Impl DFF        Imp:/WORK/PCS/PCS_RX_U/buffer/elastic_mem_inst/buffer_reg[1][7]

  Ref  DFF        Ref:/WORK/PCS/PCS_RX_U/buffer/elastic_mem_inst/buffer_reg[1][8]
  Impl DFF        Imp:/WORK/PCS/PCS_RX_U/buffer/elastic_mem_inst/buffer_reg[1][8]

  Ref  DFF        Ref:/WORK/PCS/PCS_RX_U/buffer/elastic_mem_inst/buffer_reg[1][9]
  Impl DFF        Imp:/WORK/PCS/PCS_RX_U/buffer/elastic_mem_inst/buffer_reg[1][9]

  Ref  DFF        Ref:/WORK/PCS/PCS_RX_U/buffer/elastic_mem_inst/buffer_reg[2][0]
  Impl DFF        Imp:/WORK/PCS/PCS_RX_U/buffer/elastic_mem_inst/buffer_reg[2][0]

  Ref  DFF        Ref:/WORK/PCS/PCS_RX_U/buffer/elastic_mem_inst/buffer_reg[2][1]
  Impl DFF        Imp:/WORK/PCS/PCS_RX_U/buffer/elastic_mem_inst/buffer_reg[2][1]

  Ref  DFF        Ref:/WORK/PCS/PCS_RX_U/buffer/elastic_mem_inst/buffer_reg[2][2]
  Impl DFF        Imp:/WORK/PCS/PCS_RX_U/buffer/elastic_mem_inst/buffer_reg[2][2]

  Ref  DFF        Ref:/WORK/PCS/PCS_RX_U/buffer/elastic_mem_inst/buffer_reg[2][3]
  Impl DFF        Imp:/WORK/PCS/PCS_RX_U/buffer/elastic_mem_inst/buffer_reg[2][3]

  Ref  DFF        Ref:/WORK/PCS/PCS_RX_U/buffer/elastic_mem_inst/buffer_reg[2][4]
  Impl DFF        Imp:/WORK/PCS/PCS_RX_U/buffer/elastic_mem_inst/buffer_reg[2][4]

  Ref  DFF        Ref:/WORK/PCS/PCS_RX_U/buffer/elastic_mem_inst/buffer_reg[2][5]
  Impl DFF        Imp:/WORK/PCS/PCS_RX_U/buffer/elastic_mem_inst/buffer_reg[2][5]

  Ref  DFF        Ref:/WORK/PCS/PCS_RX_U/buffer/elastic_mem_inst/buffer_reg[2][6]
  Impl DFF        Imp:/WORK/PCS/PCS_RX_U/buffer/elastic_mem_inst/buffer_reg[2][6]

  Ref  DFF        Ref:/WORK/PCS/PCS_RX_U/buffer/elastic_mem_inst/buffer_reg[2][7]
  Impl DFF        Imp:/WORK/PCS/PCS_RX_U/buffer/elastic_mem_inst/buffer_reg[2][7]

  Ref  DFF        Ref:/WORK/PCS/PCS_RX_U/buffer/elastic_mem_inst/buffer_reg[2][8]
  Impl DFF        Imp:/WORK/PCS/PCS_RX_U/buffer/elastic_mem_inst/buffer_reg[2][8]

  Ref  DFF        Ref:/WORK/PCS/PCS_RX_U/buffer/elastic_mem_inst/buffer_reg[2][9]
  Impl DFF        Imp:/WORK/PCS/PCS_RX_U/buffer/elastic_mem_inst/buffer_reg[2][9]

  Ref  DFF        Ref:/WORK/PCS/PCS_RX_U/buffer/elastic_mem_inst/buffer_reg[3][0]
  Impl DFF        Imp:/WORK/PCS/PCS_RX_U/buffer/elastic_mem_inst/buffer_reg[3][0]

  Ref  DFF        Ref:/WORK/PCS/PCS_RX_U/buffer/elastic_mem_inst/buffer_reg[3][1]
  Impl DFF        Imp:/WORK/PCS/PCS_RX_U/buffer/elastic_mem_inst/buffer_reg[3][1]

  Ref  DFF        Ref:/WORK/PCS/PCS_RX_U/buffer/elastic_mem_inst/buffer_reg[3][2]
  Impl DFF        Imp:/WORK/PCS/PCS_RX_U/buffer/elastic_mem_inst/buffer_reg[3][2]

  Ref  DFF        Ref:/WORK/PCS/PCS_RX_U/buffer/elastic_mem_inst/buffer_reg[3][3]
  Impl DFF        Imp:/WORK/PCS/PCS_RX_U/buffer/elastic_mem_inst/buffer_reg[3][3]

  Ref  DFF        Ref:/WORK/PCS/PCS_RX_U/buffer/elastic_mem_inst/buffer_reg[3][4]
  Impl DFF        Imp:/WORK/PCS/PCS_RX_U/buffer/elastic_mem_inst/buffer_reg[3][4]

  Ref  DFF        Ref:/WORK/PCS/PCS_RX_U/buffer/elastic_mem_inst/buffer_reg[3][5]
  Impl DFF        Imp:/WORK/PCS/PCS_RX_U/buffer/elastic_mem_inst/buffer_reg[3][5]

  Ref  DFF        Ref:/WORK/PCS/PCS_RX_U/buffer/elastic_mem_inst/buffer_reg[3][6]
  Impl DFF        Imp:/WORK/PCS/PCS_RX_U/buffer/elastic_mem_inst/buffer_reg[3][6]

  Ref  DFF        Ref:/WORK/PCS/PCS_RX_U/buffer/elastic_mem_inst/buffer_reg[3][7]
  Impl DFF        Imp:/WORK/PCS/PCS_RX_U/buffer/elastic_mem_inst/buffer_reg[3][7]

  Ref  DFF        Ref:/WORK/PCS/PCS_RX_U/buffer/elastic_mem_inst/buffer_reg[3][8]
  Impl DFF        Imp:/WORK/PCS/PCS_RX_U/buffer/elastic_mem_inst/buffer_reg[3][8]

  Ref  DFF        Ref:/WORK/PCS/PCS_RX_U/buffer/elastic_mem_inst/buffer_reg[3][9]
  Impl DFF        Imp:/WORK/PCS/PCS_RX_U/buffer/elastic_mem_inst/buffer_reg[3][9]

  Ref  DFF        Ref:/WORK/PCS/PCS_RX_U/buffer/elastic_mem_inst/buffer_reg[4][0]
  Impl DFF        Imp:/WORK/PCS/PCS_RX_U/buffer/elastic_mem_inst/buffer_reg[4][0]

  Ref  DFF        Ref:/WORK/PCS/PCS_RX_U/buffer/elastic_mem_inst/buffer_reg[4][1]
  Impl DFF        Imp:/WORK/PCS/PCS_RX_U/buffer/elastic_mem_inst/buffer_reg[4][1]

  Ref  DFF        Ref:/WORK/PCS/PCS_RX_U/buffer/elastic_mem_inst/buffer_reg[4][2]
  Impl DFF        Imp:/WORK/PCS/PCS_RX_U/buffer/elastic_mem_inst/buffer_reg[4][2]

  Ref  DFF        Ref:/WORK/PCS/PCS_RX_U/buffer/elastic_mem_inst/buffer_reg[4][3]
  Impl DFF        Imp:/WORK/PCS/PCS_RX_U/buffer/elastic_mem_inst/buffer_reg[4][3]

  Ref  DFF        Ref:/WORK/PCS/PCS_RX_U/buffer/elastic_mem_inst/buffer_reg[4][4]
  Impl DFF        Imp:/WORK/PCS/PCS_RX_U/buffer/elastic_mem_inst/buffer_reg[4][4]

  Ref  DFF        Ref:/WORK/PCS/PCS_RX_U/buffer/elastic_mem_inst/buffer_reg[4][5]
  Impl DFF        Imp:/WORK/PCS/PCS_RX_U/buffer/elastic_mem_inst/buffer_reg[4][5]

  Ref  DFF        Ref:/WORK/PCS/PCS_RX_U/buffer/elastic_mem_inst/buffer_reg[4][6]
  Impl DFF        Imp:/WORK/PCS/PCS_RX_U/buffer/elastic_mem_inst/buffer_reg[4][6]

  Ref  DFF        Ref:/WORK/PCS/PCS_RX_U/buffer/elastic_mem_inst/buffer_reg[4][7]
  Impl DFF        Imp:/WORK/PCS/PCS_RX_U/buffer/elastic_mem_inst/buffer_reg[4][7]

  Ref  DFF        Ref:/WORK/PCS/PCS_RX_U/buffer/elastic_mem_inst/buffer_reg[4][8]
  Impl DFF        Imp:/WORK/PCS/PCS_RX_U/buffer/elastic_mem_inst/buffer_reg[4][8]

  Ref  DFF        Ref:/WORK/PCS/PCS_RX_U/buffer/elastic_mem_inst/buffer_reg[4][9]
  Impl DFF        Imp:/WORK/PCS/PCS_RX_U/buffer/elastic_mem_inst/buffer_reg[4][9]

  Ref  DFF        Ref:/WORK/PCS/PCS_RX_U/buffer/elastic_mem_inst/buffer_reg[5][0]
  Impl DFF        Imp:/WORK/PCS/PCS_RX_U/buffer/elastic_mem_inst/buffer_reg[5][0]

  Ref  DFF        Ref:/WORK/PCS/PCS_RX_U/buffer/elastic_mem_inst/buffer_reg[5][1]
  Impl DFF        Imp:/WORK/PCS/PCS_RX_U/buffer/elastic_mem_inst/buffer_reg[5][1]

  Ref  DFF        Ref:/WORK/PCS/PCS_RX_U/buffer/elastic_mem_inst/buffer_reg[5][2]
  Impl DFF        Imp:/WORK/PCS/PCS_RX_U/buffer/elastic_mem_inst/buffer_reg[5][2]

  Ref  DFF        Ref:/WORK/PCS/PCS_RX_U/buffer/elastic_mem_inst/buffer_reg[5][3]
  Impl DFF        Imp:/WORK/PCS/PCS_RX_U/buffer/elastic_mem_inst/buffer_reg[5][3]

  Ref  DFF        Ref:/WORK/PCS/PCS_RX_U/buffer/elastic_mem_inst/buffer_reg[5][4]
  Impl DFF        Imp:/WORK/PCS/PCS_RX_U/buffer/elastic_mem_inst/buffer_reg[5][4]

  Ref  DFF        Ref:/WORK/PCS/PCS_RX_U/buffer/elastic_mem_inst/buffer_reg[5][5]
  Impl DFF        Imp:/WORK/PCS/PCS_RX_U/buffer/elastic_mem_inst/buffer_reg[5][5]

  Ref  DFF        Ref:/WORK/PCS/PCS_RX_U/buffer/elastic_mem_inst/buffer_reg[5][6]
  Impl DFF        Imp:/WORK/PCS/PCS_RX_U/buffer/elastic_mem_inst/buffer_reg[5][6]

  Ref  DFF        Ref:/WORK/PCS/PCS_RX_U/buffer/elastic_mem_inst/buffer_reg[5][7]
  Impl DFF        Imp:/WORK/PCS/PCS_RX_U/buffer/elastic_mem_inst/buffer_reg[5][7]

  Ref  DFF        Ref:/WORK/PCS/PCS_RX_U/buffer/elastic_mem_inst/buffer_reg[5][8]
  Impl DFF        Imp:/WORK/PCS/PCS_RX_U/buffer/elastic_mem_inst/buffer_reg[5][8]

  Ref  DFF        Ref:/WORK/PCS/PCS_RX_U/buffer/elastic_mem_inst/buffer_reg[5][9]
  Impl DFF        Imp:/WORK/PCS/PCS_RX_U/buffer/elastic_mem_inst/buffer_reg[5][9]

  Ref  DFF        Ref:/WORK/PCS/PCS_RX_U/buffer/elastic_mem_inst/buffer_reg[6][0]
  Impl DFF        Imp:/WORK/PCS/PCS_RX_U/buffer/elastic_mem_inst/buffer_reg[6][0]

  Ref  DFF        Ref:/WORK/PCS/PCS_RX_U/buffer/elastic_mem_inst/buffer_reg[6][1]
  Impl DFF        Imp:/WORK/PCS/PCS_RX_U/buffer/elastic_mem_inst/buffer_reg[6][1]

  Ref  DFF        Ref:/WORK/PCS/PCS_RX_U/buffer/elastic_mem_inst/buffer_reg[6][2]
  Impl DFF        Imp:/WORK/PCS/PCS_RX_U/buffer/elastic_mem_inst/buffer_reg[6][2]

  Ref  DFF        Ref:/WORK/PCS/PCS_RX_U/buffer/elastic_mem_inst/buffer_reg[6][3]
  Impl DFF        Imp:/WORK/PCS/PCS_RX_U/buffer/elastic_mem_inst/buffer_reg[6][3]

  Ref  DFF        Ref:/WORK/PCS/PCS_RX_U/buffer/elastic_mem_inst/buffer_reg[6][4]
  Impl DFF        Imp:/WORK/PCS/PCS_RX_U/buffer/elastic_mem_inst/buffer_reg[6][4]

  Ref  DFF        Ref:/WORK/PCS/PCS_RX_U/buffer/elastic_mem_inst/buffer_reg[6][5]
  Impl DFF        Imp:/WORK/PCS/PCS_RX_U/buffer/elastic_mem_inst/buffer_reg[6][5]

  Ref  DFF        Ref:/WORK/PCS/PCS_RX_U/buffer/elastic_mem_inst/buffer_reg[6][6]
  Impl DFF        Imp:/WORK/PCS/PCS_RX_U/buffer/elastic_mem_inst/buffer_reg[6][6]

  Ref  DFF        Ref:/WORK/PCS/PCS_RX_U/buffer/elastic_mem_inst/buffer_reg[6][7]
  Impl DFF        Imp:/WORK/PCS/PCS_RX_U/buffer/elastic_mem_inst/buffer_reg[6][7]

  Ref  DFF        Ref:/WORK/PCS/PCS_RX_U/buffer/elastic_mem_inst/buffer_reg[6][8]
  Impl DFF        Imp:/WORK/PCS/PCS_RX_U/buffer/elastic_mem_inst/buffer_reg[6][8]

  Ref  DFF        Ref:/WORK/PCS/PCS_RX_U/buffer/elastic_mem_inst/buffer_reg[6][9]
  Impl DFF        Imp:/WORK/PCS/PCS_RX_U/buffer/elastic_mem_inst/buffer_reg[6][9]

  Ref  DFF        Ref:/WORK/PCS/PCS_RX_U/buffer/elastic_mem_inst/buffer_reg[7][0]
  Impl DFF        Imp:/WORK/PCS/PCS_RX_U/buffer/elastic_mem_inst/buffer_reg[7][0]

  Ref  DFF        Ref:/WORK/PCS/PCS_RX_U/buffer/elastic_mem_inst/buffer_reg[7][1]
  Impl DFF        Imp:/WORK/PCS/PCS_RX_U/buffer/elastic_mem_inst/buffer_reg[7][1]

  Ref  DFF        Ref:/WORK/PCS/PCS_RX_U/buffer/elastic_mem_inst/buffer_reg[7][2]
  Impl DFF        Imp:/WORK/PCS/PCS_RX_U/buffer/elastic_mem_inst/buffer_reg[7][2]

  Ref  DFF        Ref:/WORK/PCS/PCS_RX_U/buffer/elastic_mem_inst/buffer_reg[7][3]
  Impl DFF        Imp:/WORK/PCS/PCS_RX_U/buffer/elastic_mem_inst/buffer_reg[7][3]

  Ref  DFF        Ref:/WORK/PCS/PCS_RX_U/buffer/elastic_mem_inst/buffer_reg[7][4]
  Impl DFF        Imp:/WORK/PCS/PCS_RX_U/buffer/elastic_mem_inst/buffer_reg[7][4]

  Ref  DFF        Ref:/WORK/PCS/PCS_RX_U/buffer/elastic_mem_inst/buffer_reg[7][5]
  Impl DFF        Imp:/WORK/PCS/PCS_RX_U/buffer/elastic_mem_inst/buffer_reg[7][5]

  Ref  DFF        Ref:/WORK/PCS/PCS_RX_U/buffer/elastic_mem_inst/buffer_reg[7][6]
  Impl DFF        Imp:/WORK/PCS/PCS_RX_U/buffer/elastic_mem_inst/buffer_reg[7][6]

  Ref  DFF        Ref:/WORK/PCS/PCS_RX_U/buffer/elastic_mem_inst/buffer_reg[7][7]
  Impl DFF        Imp:/WORK/PCS/PCS_RX_U/buffer/elastic_mem_inst/buffer_reg[7][7]

  Ref  DFF        Ref:/WORK/PCS/PCS_RX_U/buffer/elastic_mem_inst/buffer_reg[7][8]
  Impl DFF        Imp:/WORK/PCS/PCS_RX_U/buffer/elastic_mem_inst/buffer_reg[7][8]

  Ref  DFF        Ref:/WORK/PCS/PCS_RX_U/buffer/elastic_mem_inst/buffer_reg[7][9]
  Impl DFF        Imp:/WORK/PCS/PCS_RX_U/buffer/elastic_mem_inst/buffer_reg[7][9]

  Ref  DFF        Ref:/WORK/PCS/PCS_RX_U/buffer/elastic_mem_inst/buffer_reg[8][0]
  Impl DFF        Imp:/WORK/PCS/PCS_RX_U/buffer/elastic_mem_inst/buffer_reg[8][0]

  Ref  DFF        Ref:/WORK/PCS/PCS_RX_U/buffer/elastic_mem_inst/buffer_reg[8][1]
  Impl DFF        Imp:/WORK/PCS/PCS_RX_U/buffer/elastic_mem_inst/buffer_reg[8][1]

  Ref  DFF        Ref:/WORK/PCS/PCS_RX_U/buffer/elastic_mem_inst/buffer_reg[8][2]
  Impl DFF        Imp:/WORK/PCS/PCS_RX_U/buffer/elastic_mem_inst/buffer_reg[8][2]

  Ref  DFF        Ref:/WORK/PCS/PCS_RX_U/buffer/elastic_mem_inst/buffer_reg[8][3]
  Impl DFF        Imp:/WORK/PCS/PCS_RX_U/buffer/elastic_mem_inst/buffer_reg[8][3]

  Ref  DFF        Ref:/WORK/PCS/PCS_RX_U/buffer/elastic_mem_inst/buffer_reg[8][4]
  Impl DFF        Imp:/WORK/PCS/PCS_RX_U/buffer/elastic_mem_inst/buffer_reg[8][4]

  Ref  DFF        Ref:/WORK/PCS/PCS_RX_U/buffer/elastic_mem_inst/buffer_reg[8][5]
  Impl DFF        Imp:/WORK/PCS/PCS_RX_U/buffer/elastic_mem_inst/buffer_reg[8][5]

  Ref  DFF        Ref:/WORK/PCS/PCS_RX_U/buffer/elastic_mem_inst/buffer_reg[8][6]
  Impl DFF        Imp:/WORK/PCS/PCS_RX_U/buffer/elastic_mem_inst/buffer_reg[8][6]

  Ref  DFF        Ref:/WORK/PCS/PCS_RX_U/buffer/elastic_mem_inst/buffer_reg[8][7]
  Impl DFF        Imp:/WORK/PCS/PCS_RX_U/buffer/elastic_mem_inst/buffer_reg[8][7]

  Ref  DFF        Ref:/WORK/PCS/PCS_RX_U/buffer/elastic_mem_inst/buffer_reg[8][8]
  Impl DFF        Imp:/WORK/PCS/PCS_RX_U/buffer/elastic_mem_inst/buffer_reg[8][8]

  Ref  DFF        Ref:/WORK/PCS/PCS_RX_U/buffer/elastic_mem_inst/buffer_reg[8][9]
  Impl DFF        Imp:/WORK/PCS/PCS_RX_U/buffer/elastic_mem_inst/buffer_reg[8][9]

  Ref  DFF        Ref:/WORK/PCS/PCS_RX_U/buffer/elastic_mem_inst/buffer_reg[9][0]
  Impl DFF        Imp:/WORK/PCS/PCS_RX_U/buffer/elastic_mem_inst/buffer_reg[9][0]

  Ref  DFF        Ref:/WORK/PCS/PCS_RX_U/buffer/elastic_mem_inst/buffer_reg[9][1]
  Impl DFF        Imp:/WORK/PCS/PCS_RX_U/buffer/elastic_mem_inst/buffer_reg[9][1]

  Ref  DFF        Ref:/WORK/PCS/PCS_RX_U/buffer/elastic_mem_inst/buffer_reg[9][2]
  Impl DFF        Imp:/WORK/PCS/PCS_RX_U/buffer/elastic_mem_inst/buffer_reg[9][2]

  Ref  DFF        Ref:/WORK/PCS/PCS_RX_U/buffer/elastic_mem_inst/buffer_reg[9][3]
  Impl DFF        Imp:/WORK/PCS/PCS_RX_U/buffer/elastic_mem_inst/buffer_reg[9][3]

  Ref  DFF        Ref:/WORK/PCS/PCS_RX_U/buffer/elastic_mem_inst/buffer_reg[9][4]
  Impl DFF        Imp:/WORK/PCS/PCS_RX_U/buffer/elastic_mem_inst/buffer_reg[9][4]

  Ref  DFF        Ref:/WORK/PCS/PCS_RX_U/buffer/elastic_mem_inst/buffer_reg[9][5]
  Impl DFF        Imp:/WORK/PCS/PCS_RX_U/buffer/elastic_mem_inst/buffer_reg[9][5]

  Ref  DFF        Ref:/WORK/PCS/PCS_RX_U/buffer/elastic_mem_inst/buffer_reg[9][6]
  Impl DFF        Imp:/WORK/PCS/PCS_RX_U/buffer/elastic_mem_inst/buffer_reg[9][6]

  Ref  DFF        Ref:/WORK/PCS/PCS_RX_U/buffer/elastic_mem_inst/buffer_reg[9][7]
  Impl DFF        Imp:/WORK/PCS/PCS_RX_U/buffer/elastic_mem_inst/buffer_reg[9][7]

  Ref  DFF        Ref:/WORK/PCS/PCS_RX_U/buffer/elastic_mem_inst/buffer_reg[9][8]
  Impl DFF        Imp:/WORK/PCS/PCS_RX_U/buffer/elastic_mem_inst/buffer_reg[9][8]

  Ref  DFF        Ref:/WORK/PCS/PCS_RX_U/buffer/elastic_mem_inst/buffer_reg[9][9]
  Impl DFF        Imp:/WORK/PCS/PCS_RX_U/buffer/elastic_mem_inst/buffer_reg[9][9]

  Ref  DFF        Ref:/WORK/PCS/PCS_RX_U/buffer/elastic_mem_inst/data_out_reg[0]
  Impl DFF        Imp:/WORK/PCS/PCS_RX_U/buffer/elastic_mem_inst/data_out_reg[0]

  Ref  DFF        Ref:/WORK/PCS/PCS_RX_U/buffer/elastic_mem_inst/data_out_reg[1]
  Impl DFF        Imp:/WORK/PCS/PCS_RX_U/buffer/elastic_mem_inst/data_out_reg[1]

  Ref  DFF        Ref:/WORK/PCS/PCS_RX_U/buffer/elastic_mem_inst/data_out_reg[2]
  Impl DFF        Imp:/WORK/PCS/PCS_RX_U/buffer/elastic_mem_inst/data_out_reg[2]

  Ref  DFF        Ref:/WORK/PCS/PCS_RX_U/buffer/elastic_mem_inst/data_out_reg[3]
  Impl DFF        Imp:/WORK/PCS/PCS_RX_U/buffer/elastic_mem_inst/data_out_reg[3]

  Ref  DFF        Ref:/WORK/PCS/PCS_RX_U/buffer/elastic_mem_inst/data_out_reg[4]
  Impl DFF        Imp:/WORK/PCS/PCS_RX_U/buffer/elastic_mem_inst/data_out_reg[4]

  Ref  DFF        Ref:/WORK/PCS/PCS_RX_U/buffer/elastic_mem_inst/data_out_reg[5]
  Impl DFF        Imp:/WORK/PCS/PCS_RX_U/buffer/elastic_mem_inst/data_out_reg[5]

  Ref  DFF        Ref:/WORK/PCS/PCS_RX_U/buffer/elastic_mem_inst/data_out_reg[6]
  Impl DFF        Imp:/WORK/PCS/PCS_RX_U/buffer/elastic_mem_inst/data_out_reg[6]

  Ref  DFF        Ref:/WORK/PCS/PCS_RX_U/buffer/elastic_mem_inst/data_out_reg[7]
  Impl DFF        Imp:/WORK/PCS/PCS_RX_U/buffer/elastic_mem_inst/data_out_reg[7]

  Ref  DFF        Ref:/WORK/PCS/PCS_RX_U/buffer/elastic_mem_inst/data_out_reg[8]
  Impl DFF        Imp:/WORK/PCS/PCS_RX_U/buffer/elastic_mem_inst/data_out_reg[8]

  Ref  DFF        Ref:/WORK/PCS/PCS_RX_U/buffer/elastic_mem_inst/data_out_reg[9]
  Impl DFF        Imp:/WORK/PCS/PCS_RX_U/buffer/elastic_mem_inst/data_out_reg[9]

  Ref  DFF        Ref:/WORK/PCS/PCS_RX_U/buffer/read_inst/empty_reg
  Impl DFF        Imp:/WORK/PCS/PCS_RX_U/buffer/read_inst/empty_reg

  Ref  DFF        Ref:/WORK/PCS/PCS_RX_U/buffer/read_inst/read_address_reg[0]
  Impl DFF        Imp:/WORK/PCS/PCS_RX_U/buffer/read_inst/read_address_reg[0]

  Ref  DFF        Ref:/WORK/PCS/PCS_RX_U/buffer/read_inst/read_address_reg[1]
  Impl DFF        Imp:/WORK/PCS/PCS_RX_U/buffer/read_inst/read_address_reg[1]

  Ref  DFF        Ref:/WORK/PCS/PCS_RX_U/buffer/read_inst/read_address_reg[2]
  Impl DFF        Imp:/WORK/PCS/PCS_RX_U/buffer/read_inst/read_address_reg[2]

  Ref  DFF        Ref:/WORK/PCS/PCS_RX_U/buffer/read_inst/read_address_reg[3]
  Impl DFF        Imp:/WORK/PCS/PCS_RX_U/buffer/read_inst/read_address_reg[3]

  Ref  DFF        Ref:/WORK/PCS/PCS_RX_U/buffer/read_inst/read_address_reg[4]
  Impl DFF        Imp:/WORK/PCS/PCS_RX_U/buffer/read_inst/read_address_reg[4]

  Ref  DFF        Ref:/WORK/PCS/PCS_RX_U/buffer/sync_unit_inst/gray_counter_read_out_reg[0]
  Impl DFF        Imp:/WORK/PCS/PCS_RX_U/buffer/sync_unit_inst/gray_counter_read_out_reg[0]

  Ref  DFF        Ref:/WORK/PCS/PCS_RX_U/buffer/sync_unit_inst/gray_counter_read_out_reg[1]
  Impl DFF        Imp:/WORK/PCS/PCS_RX_U/buffer/sync_unit_inst/gray_counter_read_out_reg[1]

  Ref  DFF        Ref:/WORK/PCS/PCS_RX_U/buffer/sync_unit_inst/gray_counter_read_out_reg[2]
  Impl DFF        Imp:/WORK/PCS/PCS_RX_U/buffer/sync_unit_inst/gray_counter_read_out_reg[2]

  Ref  DFF        Ref:/WORK/PCS/PCS_RX_U/buffer/sync_unit_inst/gray_counter_read_out_reg[3]
  Impl DFF        Imp:/WORK/PCS/PCS_RX_U/buffer/sync_unit_inst/gray_counter_read_out_reg[3]

  Ref  DFF        Ref:/WORK/PCS/PCS_RX_U/buffer/sync_unit_inst/gray_counter_read_out_reg[4]
  Impl DFF        Imp:/WORK/PCS/PCS_RX_U/buffer/sync_unit_inst/gray_counter_read_out_reg[4]

  Ref  DFF        Ref:/WORK/PCS/PCS_RX_U/buffer/sync_unit_inst/gray_counter_read_reg1_reg[0]
  Impl DFF        Imp:/WORK/PCS/PCS_RX_U/buffer/sync_unit_inst/gray_counter_read_reg1_reg[0]

  Ref  DFF        Ref:/WORK/PCS/PCS_RX_U/buffer/sync_unit_inst/gray_counter_read_reg1_reg[1]
  Impl DFF        Imp:/WORK/PCS/PCS_RX_U/buffer/sync_unit_inst/gray_counter_read_reg1_reg[1]

  Ref  DFF        Ref:/WORK/PCS/PCS_RX_U/buffer/sync_unit_inst/gray_counter_read_reg1_reg[2]
  Impl DFF        Imp:/WORK/PCS/PCS_RX_U/buffer/sync_unit_inst/gray_counter_read_reg1_reg[2]

  Ref  DFF        Ref:/WORK/PCS/PCS_RX_U/buffer/sync_unit_inst/gray_counter_read_reg1_reg[3]
  Impl DFF        Imp:/WORK/PCS/PCS_RX_U/buffer/sync_unit_inst/gray_counter_read_reg1_reg[3]

  Ref  DFF        Ref:/WORK/PCS/PCS_RX_U/buffer/sync_unit_inst/gray_counter_read_reg1_reg[4]
  Impl DFF        Imp:/WORK/PCS/PCS_RX_U/buffer/sync_unit_inst/gray_counter_read_reg1_reg[4]

  Ref  DFF        Ref:/WORK/PCS/PCS_RX_U/buffer/sync_unit_inst/gray_counter_write_out_reg[0]
  Impl DFF        Imp:/WORK/PCS/PCS_RX_U/buffer/sync_unit_inst/gray_counter_write_out_reg[0]

  Ref  DFF        Ref:/WORK/PCS/PCS_RX_U/buffer/sync_unit_inst/gray_counter_write_out_reg[1]
  Impl DFF        Imp:/WORK/PCS/PCS_RX_U/buffer/sync_unit_inst/gray_counter_write_out_reg[1]

  Ref  DFF        Ref:/WORK/PCS/PCS_RX_U/buffer/sync_unit_inst/gray_counter_write_out_reg[2]
  Impl DFF        Imp:/WORK/PCS/PCS_RX_U/buffer/sync_unit_inst/gray_counter_write_out_reg[2]

  Ref  DFF        Ref:/WORK/PCS/PCS_RX_U/buffer/sync_unit_inst/gray_counter_write_out_reg[3]
  Impl DFF        Imp:/WORK/PCS/PCS_RX_U/buffer/sync_unit_inst/gray_counter_write_out_reg[3]

  Ref  DFF        Ref:/WORK/PCS/PCS_RX_U/buffer/sync_unit_inst/gray_counter_write_out_reg[4]
  Impl DFF        Imp:/WORK/PCS/PCS_RX_U/buffer/sync_unit_inst/gray_counter_write_out_reg[4]

  Ref  DFF        Ref:/WORK/PCS/PCS_RX_U/buffer/sync_unit_inst/gray_counter_write_reg1_reg[0]
  Impl DFF        Imp:/WORK/PCS/PCS_RX_U/buffer/sync_unit_inst/gray_counter_write_reg1_reg[0]

  Ref  DFF        Ref:/WORK/PCS/PCS_RX_U/buffer/sync_unit_inst/gray_counter_write_reg1_reg[1]
  Impl DFF        Imp:/WORK/PCS/PCS_RX_U/buffer/sync_unit_inst/gray_counter_write_reg1_reg[1]

  Ref  DFF        Ref:/WORK/PCS/PCS_RX_U/buffer/sync_unit_inst/gray_counter_write_reg1_reg[2]
  Impl DFF        Imp:/WORK/PCS/PCS_RX_U/buffer/sync_unit_inst/gray_counter_write_reg1_reg[2]

  Ref  DFF        Ref:/WORK/PCS/PCS_RX_U/buffer/sync_unit_inst/gray_counter_write_reg1_reg[3]
  Impl DFF        Imp:/WORK/PCS/PCS_RX_U/buffer/sync_unit_inst/gray_counter_write_reg1_reg[3]

  Ref  DFF        Ref:/WORK/PCS/PCS_RX_U/buffer/sync_unit_inst/gray_counter_write_reg1_reg[4]
  Impl DFF        Imp:/WORK/PCS/PCS_RX_U/buffer/sync_unit_inst/gray_counter_write_reg1_reg[4]

  Ref  DFF        Ref:/WORK/PCS/PCS_RX_U/buffer/write_inst/Skp_Added_reg
  Impl DFF        Imp:/WORK/PCS/PCS_RX_U/buffer/write_inst/Skp_Added_reg

  Ref  DFF        Ref:/WORK/PCS/PCS_RX_U/buffer/write_inst/Skp_Removed_reg
  Impl DFF        Imp:/WORK/PCS/PCS_RX_U/buffer/write_inst/Skp_Removed_reg

  Ref  DFF        Ref:/WORK/PCS/PCS_RX_U/buffer/write_inst/write_address_reg[0]
  Impl DFF        Imp:/WORK/PCS/PCS_RX_U/buffer/write_inst/write_address_reg[0]

  Ref  DFF        Ref:/WORK/PCS/PCS_RX_U/buffer/write_inst/write_address_reg[1]
  Impl DFF        Imp:/WORK/PCS/PCS_RX_U/buffer/write_inst/write_address_reg[1]

  Ref  DFF        Ref:/WORK/PCS/PCS_RX_U/buffer/write_inst/write_address_reg[2]
  Impl DFF        Imp:/WORK/PCS/PCS_RX_U/buffer/write_inst/write_address_reg[2]

  Ref  DFF        Ref:/WORK/PCS/PCS_RX_U/buffer/write_inst/write_address_reg[3]
  Impl DFF        Imp:/WORK/PCS/PCS_RX_U/buffer/write_inst/write_address_reg[3]

  Ref  DFF        Ref:/WORK/PCS/PCS_RX_U/buffer/write_inst/write_address_reg[4]
  Impl DFF        Imp:/WORK/PCS/PCS_RX_U/buffer/write_inst/write_address_reg[4]

  Ref  DFF        Ref:/WORK/PCS/PCS_RX_U/decode/Data_out_reg[0]
  Impl DFF        Imp:/WORK/PCS/PCS_RX_U/decode/Data_out_reg[0]

  Ref  DFF        Ref:/WORK/PCS/PCS_RX_U/decode/Data_out_reg[1]
  Impl DFF        Imp:/WORK/PCS/PCS_RX_U/decode/Data_out_reg[1]

  Ref  DFF        Ref:/WORK/PCS/PCS_RX_U/decode/Data_out_reg[2]
  Impl DFF        Imp:/WORK/PCS/PCS_RX_U/decode/Data_out_reg[2]

  Ref  DFF        Ref:/WORK/PCS/PCS_RX_U/decode/Data_out_reg[3]
  Impl DFF        Imp:/WORK/PCS/PCS_RX_U/decode/Data_out_reg[3]

  Ref  DFF        Ref:/WORK/PCS/PCS_RX_U/decode/Data_out_reg[4]
  Impl DFF        Imp:/WORK/PCS/PCS_RX_U/decode/Data_out_reg[4]

  Ref  DFF        Ref:/WORK/PCS/PCS_RX_U/decode/Data_out_reg[5]
  Impl DFF        Imp:/WORK/PCS/PCS_RX_U/decode/Data_out_reg[5]

  Ref  DFF        Ref:/WORK/PCS/PCS_RX_U/decode/Data_out_reg[6]
  Impl DFF        Imp:/WORK/PCS/PCS_RX_U/decode/Data_out_reg[6]

  Ref  DFF        Ref:/WORK/PCS/PCS_RX_U/decode/Data_out_reg[7]
  Impl DFF        Imp:/WORK/PCS/PCS_RX_U/decode/Data_out_reg[7]

  Ref  DFF        Ref:/WORK/PCS/PCS_RX_U/decode/DecodeError_reg
  Impl DFF        Imp:/WORK/PCS/PCS_RX_U/decode/DecodeError_reg

  Ref  DFF        Ref:/WORK/PCS/PCS_RX_U/decode/DisparityError_reg
  Impl DFF        Imp:/WORK/PCS/PCS_RX_U/decode/DisparityError_reg

  Ref  DFF        Ref:/WORK/PCS/PCS_RX_U/decode/RxDataK_reg
  Impl DFF        Imp:/WORK/PCS/PCS_RX_U/decode/RxDataK_reg

  Ref  DFF        Ref:/WORK/PCS/PCS_RX_U/decode/flag_reg
  Impl DFF        Imp:/WORK/PCS/PCS_RX_U/decode/flag_reg

  Ref  DFF        Ref:/WORK/PCS/PCS_RX_U/decode/temp_reg[0]
  Impl DFF        Imp:/WORK/PCS/PCS_RX_U/decode/temp_reg[0]

  Ref  DFF        Ref:/WORK/PCS/PCS_RX_U/decode/temp_reg[1]
  Impl DFF        Imp:/WORK/PCS/PCS_RX_U/decode/temp_reg[1]

  Ref  DFF        Ref:/WORK/PCS/PCS_RX_U/decode/temp_reg[2]
  Impl DFF        Imp:/WORK/PCS/PCS_RX_U/decode/temp_reg[2]

  Ref  DFF        Ref:/WORK/PCS/PCS_RX_U/decode/temp_reg[3]
  Impl DFF        Imp:/WORK/PCS/PCS_RX_U/decode/temp_reg[3]

  Ref  DFF        Ref:/WORK/PCS/PCS_RX_U/decode/temp_reg[4]
  Impl DFF        Imp:/WORK/PCS/PCS_RX_U/decode/temp_reg[4]

  Ref  DFF        Ref:/WORK/PCS/PCS_RX_U/decode/temp_reg[5]
  Impl DFF        Imp:/WORK/PCS/PCS_RX_U/decode/temp_reg[5]

  Ref  DFF        Ref:/WORK/PCS/PCS_RX_U/decode/temp_reg[6]
  Impl DFF        Imp:/WORK/PCS/PCS_RX_U/decode/temp_reg[6]

  Ref  DFF        Ref:/WORK/PCS/PCS_RX_U/decode/temp_reg[7]
  Impl DFF        Imp:/WORK/PCS/PCS_RX_U/decode/temp_reg[7]

  Ref  DFF        Ref:/WORK/PCS/PCS_RX_U/decode/temp_reg[8]
  Impl DFF        Imp:/WORK/PCS/PCS_RX_U/decode/temp_reg[8]

  Ref  DFF        Ref:/WORK/PCS/PCS_RX_U/decode/temp_reg[9]
  Impl DFF        Imp:/WORK/PCS/PCS_RX_U/decode/temp_reg[9]

  Ref  DFF        Ref:/WORK/PCS/PCS_RX_U/rx_gasket/Data_out_reg[0]
  Impl DFF        Imp:/WORK/PCS/PCS_RX_U/rx_gasket/Data_out_reg[0]

  Ref  DFF        Ref:/WORK/PCS/PCS_RX_U/rx_gasket/Data_out_reg[10]
  Impl DFF        Imp:/WORK/PCS/PCS_RX_U/rx_gasket/Data_out_reg[10]

  Ref  DFF        Ref:/WORK/PCS/PCS_RX_U/rx_gasket/Data_out_reg[11]
  Impl DFF        Imp:/WORK/PCS/PCS_RX_U/rx_gasket/Data_out_reg[11]

  Ref  DFF        Ref:/WORK/PCS/PCS_RX_U/rx_gasket/Data_out_reg[12]
  Impl DFF        Imp:/WORK/PCS/PCS_RX_U/rx_gasket/Data_out_reg[12]

  Ref  DFF        Ref:/WORK/PCS/PCS_RX_U/rx_gasket/Data_out_reg[13]
  Impl DFF        Imp:/WORK/PCS/PCS_RX_U/rx_gasket/Data_out_reg[13]

  Ref  DFF        Ref:/WORK/PCS/PCS_RX_U/rx_gasket/Data_out_reg[14]
  Impl DFF        Imp:/WORK/PCS/PCS_RX_U/rx_gasket/Data_out_reg[14]

  Ref  DFF        Ref:/WORK/PCS/PCS_RX_U/rx_gasket/Data_out_reg[15]
  Impl DFF        Imp:/WORK/PCS/PCS_RX_U/rx_gasket/Data_out_reg[15]

  Ref  DFF        Ref:/WORK/PCS/PCS_RX_U/rx_gasket/Data_out_reg[16]
  Impl DFF        Imp:/WORK/PCS/PCS_RX_U/rx_gasket/Data_out_reg[16]

  Ref  DFF        Ref:/WORK/PCS/PCS_RX_U/rx_gasket/Data_out_reg[17]
  Impl DFF        Imp:/WORK/PCS/PCS_RX_U/rx_gasket/Data_out_reg[17]

  Ref  DFF        Ref:/WORK/PCS/PCS_RX_U/rx_gasket/Data_out_reg[18]
  Impl DFF        Imp:/WORK/PCS/PCS_RX_U/rx_gasket/Data_out_reg[18]

  Ref  DFF        Ref:/WORK/PCS/PCS_RX_U/rx_gasket/Data_out_reg[19]
  Impl DFF        Imp:/WORK/PCS/PCS_RX_U/rx_gasket/Data_out_reg[19]

  Ref  DFF        Ref:/WORK/PCS/PCS_RX_U/rx_gasket/Data_out_reg[1]
  Impl DFF        Imp:/WORK/PCS/PCS_RX_U/rx_gasket/Data_out_reg[1]

  Ref  DFF        Ref:/WORK/PCS/PCS_RX_U/rx_gasket/Data_out_reg[20]
  Impl DFF        Imp:/WORK/PCS/PCS_RX_U/rx_gasket/Data_out_reg[20]

  Ref  DFF        Ref:/WORK/PCS/PCS_RX_U/rx_gasket/Data_out_reg[21]
  Impl DFF        Imp:/WORK/PCS/PCS_RX_U/rx_gasket/Data_out_reg[21]

  Ref  DFF        Ref:/WORK/PCS/PCS_RX_U/rx_gasket/Data_out_reg[22]
  Impl DFF        Imp:/WORK/PCS/PCS_RX_U/rx_gasket/Data_out_reg[22]

  Ref  DFF        Ref:/WORK/PCS/PCS_RX_U/rx_gasket/Data_out_reg[23]
  Impl DFF        Imp:/WORK/PCS/PCS_RX_U/rx_gasket/Data_out_reg[23]

  Ref  DFF        Ref:/WORK/PCS/PCS_RX_U/rx_gasket/Data_out_reg[24]
  Impl DFF        Imp:/WORK/PCS/PCS_RX_U/rx_gasket/Data_out_reg[24]

  Ref  DFF        Ref:/WORK/PCS/PCS_RX_U/rx_gasket/Data_out_reg[25]
  Impl DFF        Imp:/WORK/PCS/PCS_RX_U/rx_gasket/Data_out_reg[25]

  Ref  DFF        Ref:/WORK/PCS/PCS_RX_U/rx_gasket/Data_out_reg[26]
  Impl DFF        Imp:/WORK/PCS/PCS_RX_U/rx_gasket/Data_out_reg[26]

  Ref  DFF        Ref:/WORK/PCS/PCS_RX_U/rx_gasket/Data_out_reg[27]
  Impl DFF        Imp:/WORK/PCS/PCS_RX_U/rx_gasket/Data_out_reg[27]

  Ref  DFF        Ref:/WORK/PCS/PCS_RX_U/rx_gasket/Data_out_reg[28]
  Impl DFF        Imp:/WORK/PCS/PCS_RX_U/rx_gasket/Data_out_reg[28]

  Ref  DFF        Ref:/WORK/PCS/PCS_RX_U/rx_gasket/Data_out_reg[29]
  Impl DFF        Imp:/WORK/PCS/PCS_RX_U/rx_gasket/Data_out_reg[29]

  Ref  DFF        Ref:/WORK/PCS/PCS_RX_U/rx_gasket/Data_out_reg[2]
  Impl DFF        Imp:/WORK/PCS/PCS_RX_U/rx_gasket/Data_out_reg[2]

  Ref  DFF        Ref:/WORK/PCS/PCS_RX_U/rx_gasket/Data_out_reg[30]
  Impl DFF        Imp:/WORK/PCS/PCS_RX_U/rx_gasket/Data_out_reg[30]

  Ref  DFF        Ref:/WORK/PCS/PCS_RX_U/rx_gasket/Data_out_reg[31]
  Impl DFF        Imp:/WORK/PCS/PCS_RX_U/rx_gasket/Data_out_reg[31]

  Ref  DFF        Ref:/WORK/PCS/PCS_RX_U/rx_gasket/Data_out_reg[3]
  Impl DFF        Imp:/WORK/PCS/PCS_RX_U/rx_gasket/Data_out_reg[3]

  Ref  DFF        Ref:/WORK/PCS/PCS_RX_U/rx_gasket/Data_out_reg[4]
  Impl DFF        Imp:/WORK/PCS/PCS_RX_U/rx_gasket/Data_out_reg[4]

  Ref  DFF        Ref:/WORK/PCS/PCS_RX_U/rx_gasket/Data_out_reg[5]
  Impl DFF        Imp:/WORK/PCS/PCS_RX_U/rx_gasket/Data_out_reg[5]

  Ref  DFF        Ref:/WORK/PCS/PCS_RX_U/rx_gasket/Data_out_reg[6]
  Impl DFF        Imp:/WORK/PCS/PCS_RX_U/rx_gasket/Data_out_reg[6]

  Ref  DFF        Ref:/WORK/PCS/PCS_RX_U/rx_gasket/Data_out_reg[7]
  Impl DFF        Imp:/WORK/PCS/PCS_RX_U/rx_gasket/Data_out_reg[7]

  Ref  DFF        Ref:/WORK/PCS/PCS_RX_U/rx_gasket/Data_out_reg[8]
  Impl DFF        Imp:/WORK/PCS/PCS_RX_U/rx_gasket/Data_out_reg[8]

  Ref  DFF        Ref:/WORK/PCS/PCS_RX_U/rx_gasket/Data_out_reg[9]
  Impl DFF        Imp:/WORK/PCS/PCS_RX_U/rx_gasket/Data_out_reg[9]

  Ref  DFF        Ref:/WORK/PCS/PCS_RX_U/rx_gasket/count_reg[0]
  Impl DFF        Imp:/WORK/PCS/PCS_RX_U/rx_gasket/count_reg[0]

  Ref  DFF        Ref:/WORK/PCS/PCS_RX_U/rx_gasket/count_reg[1]
  Impl DFF        Imp:/WORK/PCS/PCS_RX_U/rx_gasket/count_reg[1]

  Ref  DFF        Ref:/WORK/PCS/PCS_RX_U/rx_gasket/data_out_reg[0]
  Impl DFF        Imp:/WORK/PCS/PCS_RX_U/rx_gasket/data_out_reg[0]

  Ref  DFF        Ref:/WORK/PCS/PCS_RX_U/rx_gasket/data_out_reg[10]
  Impl DFF        Imp:/WORK/PCS/PCS_RX_U/rx_gasket/data_out_reg[10]

  Ref  DFF        Ref:/WORK/PCS/PCS_RX_U/rx_gasket/data_out_reg[11]
  Impl DFF        Imp:/WORK/PCS/PCS_RX_U/rx_gasket/data_out_reg[11]

  Ref  DFF        Ref:/WORK/PCS/PCS_RX_U/rx_gasket/data_out_reg[12]
  Impl DFF        Imp:/WORK/PCS/PCS_RX_U/rx_gasket/data_out_reg[12]

  Ref  DFF        Ref:/WORK/PCS/PCS_RX_U/rx_gasket/data_out_reg[13]
  Impl DFF        Imp:/WORK/PCS/PCS_RX_U/rx_gasket/data_out_reg[13]

  Ref  DFF        Ref:/WORK/PCS/PCS_RX_U/rx_gasket/data_out_reg[14]
  Impl DFF        Imp:/WORK/PCS/PCS_RX_U/rx_gasket/data_out_reg[14]

  Ref  DFF        Ref:/WORK/PCS/PCS_RX_U/rx_gasket/data_out_reg[15]
  Impl DFF        Imp:/WORK/PCS/PCS_RX_U/rx_gasket/data_out_reg[15]

  Ref  DFF        Ref:/WORK/PCS/PCS_RX_U/rx_gasket/data_out_reg[16]
  Impl DFF        Imp:/WORK/PCS/PCS_RX_U/rx_gasket/data_out_reg[16]

  Ref  DFF        Ref:/WORK/PCS/PCS_RX_U/rx_gasket/data_out_reg[17]
  Impl DFF        Imp:/WORK/PCS/PCS_RX_U/rx_gasket/data_out_reg[17]

  Ref  DFF        Ref:/WORK/PCS/PCS_RX_U/rx_gasket/data_out_reg[18]
  Impl DFF        Imp:/WORK/PCS/PCS_RX_U/rx_gasket/data_out_reg[18]

  Ref  DFF        Ref:/WORK/PCS/PCS_RX_U/rx_gasket/data_out_reg[19]
  Impl DFF        Imp:/WORK/PCS/PCS_RX_U/rx_gasket/data_out_reg[19]

  Ref  DFF        Ref:/WORK/PCS/PCS_RX_U/rx_gasket/data_out_reg[1]
  Impl DFF        Imp:/WORK/PCS/PCS_RX_U/rx_gasket/data_out_reg[1]

  Ref  DFF        Ref:/WORK/PCS/PCS_RX_U/rx_gasket/data_out_reg[20]
  Impl DFF        Imp:/WORK/PCS/PCS_RX_U/rx_gasket/data_out_reg[20]

  Ref  DFF        Ref:/WORK/PCS/PCS_RX_U/rx_gasket/data_out_reg[21]
  Impl DFF        Imp:/WORK/PCS/PCS_RX_U/rx_gasket/data_out_reg[21]

  Ref  DFF        Ref:/WORK/PCS/PCS_RX_U/rx_gasket/data_out_reg[22]
  Impl DFF        Imp:/WORK/PCS/PCS_RX_U/rx_gasket/data_out_reg[22]

  Ref  DFF        Ref:/WORK/PCS/PCS_RX_U/rx_gasket/data_out_reg[23]
  Impl DFF        Imp:/WORK/PCS/PCS_RX_U/rx_gasket/data_out_reg[23]

  Ref  DFF        Ref:/WORK/PCS/PCS_RX_U/rx_gasket/data_out_reg[24]
  Impl DFF        Imp:/WORK/PCS/PCS_RX_U/rx_gasket/data_out_reg[24]

  Ref  DFF        Ref:/WORK/PCS/PCS_RX_U/rx_gasket/data_out_reg[25]
  Impl DFF        Imp:/WORK/PCS/PCS_RX_U/rx_gasket/data_out_reg[25]

  Ref  DFF        Ref:/WORK/PCS/PCS_RX_U/rx_gasket/data_out_reg[26]
  Impl DFF        Imp:/WORK/PCS/PCS_RX_U/rx_gasket/data_out_reg[26]

  Ref  DFF        Ref:/WORK/PCS/PCS_RX_U/rx_gasket/data_out_reg[27]
  Impl DFF        Imp:/WORK/PCS/PCS_RX_U/rx_gasket/data_out_reg[27]

  Ref  DFF        Ref:/WORK/PCS/PCS_RX_U/rx_gasket/data_out_reg[28]
  Impl DFF        Imp:/WORK/PCS/PCS_RX_U/rx_gasket/data_out_reg[28]

  Ref  DFF        Ref:/WORK/PCS/PCS_RX_U/rx_gasket/data_out_reg[29]
  Impl DFF        Imp:/WORK/PCS/PCS_RX_U/rx_gasket/data_out_reg[29]

  Ref  DFF        Ref:/WORK/PCS/PCS_RX_U/rx_gasket/data_out_reg[2]
  Impl DFF        Imp:/WORK/PCS/PCS_RX_U/rx_gasket/data_out_reg[2]

  Ref  DFF        Ref:/WORK/PCS/PCS_RX_U/rx_gasket/data_out_reg[30]
  Impl DFF        Imp:/WORK/PCS/PCS_RX_U/rx_gasket/data_out_reg[30]

  Ref  DFF        Ref:/WORK/PCS/PCS_RX_U/rx_gasket/data_out_reg[31]
  Impl DFF        Imp:/WORK/PCS/PCS_RX_U/rx_gasket/data_out_reg[31]

  Ref  DFF        Ref:/WORK/PCS/PCS_RX_U/rx_gasket/data_out_reg[3]
  Impl DFF        Imp:/WORK/PCS/PCS_RX_U/rx_gasket/data_out_reg[3]

  Ref  DFF        Ref:/WORK/PCS/PCS_RX_U/rx_gasket/data_out_reg[4]
  Impl DFF        Imp:/WORK/PCS/PCS_RX_U/rx_gasket/data_out_reg[4]

  Ref  DFF        Ref:/WORK/PCS/PCS_RX_U/rx_gasket/data_out_reg[5]
  Impl DFF        Imp:/WORK/PCS/PCS_RX_U/rx_gasket/data_out_reg[5]

  Ref  DFF        Ref:/WORK/PCS/PCS_RX_U/rx_gasket/data_out_reg[6]
  Impl DFF        Imp:/WORK/PCS/PCS_RX_U/rx_gasket/data_out_reg[6]

  Ref  DFF        Ref:/WORK/PCS/PCS_RX_U/rx_gasket/data_out_reg[7]
  Impl DFF        Imp:/WORK/PCS/PCS_RX_U/rx_gasket/data_out_reg[7]

  Ref  DFF        Ref:/WORK/PCS/PCS_RX_U/rx_gasket/data_out_reg[8]
  Impl DFF        Imp:/WORK/PCS/PCS_RX_U/rx_gasket/data_out_reg[8]

  Ref  DFF        Ref:/WORK/PCS/PCS_RX_U/rx_gasket/data_out_reg[9]
  Impl DFF        Imp:/WORK/PCS/PCS_RX_U/rx_gasket/data_out_reg[9]

  Ref  DFF        Ref:/WORK/PCS/PCS_RX_U/rx_gasket/flag_reg[0]
  Impl DFF        Imp:/WORK/PCS/PCS_RX_U/rx_gasket/flag_reg[0]

  Ref  DFF        Ref:/WORK/PCS/PCS_RX_U/rx_gasket/flag_reg[1]
  Impl DFF        Imp:/WORK/PCS/PCS_RX_U/rx_gasket/flag_reg[1]

  Ref  DFF        Ref:/WORK/PCS/PCS_RX_U/rx_gasket/flag_reg[2]
  Impl DFF        Imp:/WORK/PCS/PCS_RX_U/rx_gasket/flag_reg[2]

  Ref  DFF        Ref:/WORK/PCS/PCS_RX_U/rx_gasket/flag_reg[3]
  Impl DFF        Imp:/WORK/PCS/PCS_RX_U/rx_gasket/flag_reg[3]

  Ref  DFF        Ref:/WORK/PCS/PCS_RX_U/rx_gasket/temp_reg_reg[0]
  Impl DFF        Imp:/WORK/PCS/PCS_RX_U/rx_gasket/temp_reg_reg[0]

  Ref  DFF        Ref:/WORK/PCS/PCS_RX_U/rx_gasket/temp_reg_reg[10]
  Impl DFF        Imp:/WORK/PCS/PCS_RX_U/rx_gasket/temp_reg_reg[10]

  Ref  DFF        Ref:/WORK/PCS/PCS_RX_U/rx_gasket/temp_reg_reg[11]
  Impl DFF        Imp:/WORK/PCS/PCS_RX_U/rx_gasket/temp_reg_reg[11]

  Ref  DFF        Ref:/WORK/PCS/PCS_RX_U/rx_gasket/temp_reg_reg[12]
  Impl DFF        Imp:/WORK/PCS/PCS_RX_U/rx_gasket/temp_reg_reg[12]

  Ref  DFF        Ref:/WORK/PCS/PCS_RX_U/rx_gasket/temp_reg_reg[13]
  Impl DFF        Imp:/WORK/PCS/PCS_RX_U/rx_gasket/temp_reg_reg[13]

  Ref  DFF        Ref:/WORK/PCS/PCS_RX_U/rx_gasket/temp_reg_reg[14]
  Impl DFF        Imp:/WORK/PCS/PCS_RX_U/rx_gasket/temp_reg_reg[14]

  Ref  DFF        Ref:/WORK/PCS/PCS_RX_U/rx_gasket/temp_reg_reg[15]
  Impl DFF        Imp:/WORK/PCS/PCS_RX_U/rx_gasket/temp_reg_reg[15]

  Ref  DFF        Ref:/WORK/PCS/PCS_RX_U/rx_gasket/temp_reg_reg[16]
  Impl DFF        Imp:/WORK/PCS/PCS_RX_U/rx_gasket/temp_reg_reg[16]

  Ref  DFF        Ref:/WORK/PCS/PCS_RX_U/rx_gasket/temp_reg_reg[17]
  Impl DFF        Imp:/WORK/PCS/PCS_RX_U/rx_gasket/temp_reg_reg[17]

  Ref  DFF        Ref:/WORK/PCS/PCS_RX_U/rx_gasket/temp_reg_reg[18]
  Impl DFF        Imp:/WORK/PCS/PCS_RX_U/rx_gasket/temp_reg_reg[18]

  Ref  DFF        Ref:/WORK/PCS/PCS_RX_U/rx_gasket/temp_reg_reg[19]
  Impl DFF        Imp:/WORK/PCS/PCS_RX_U/rx_gasket/temp_reg_reg[19]

  Ref  DFF        Ref:/WORK/PCS/PCS_RX_U/rx_gasket/temp_reg_reg[1]
  Impl DFF        Imp:/WORK/PCS/PCS_RX_U/rx_gasket/temp_reg_reg[1]

  Ref  DFF        Ref:/WORK/PCS/PCS_RX_U/rx_gasket/temp_reg_reg[20]
  Impl DFF        Imp:/WORK/PCS/PCS_RX_U/rx_gasket/temp_reg_reg[20]

  Ref  DFF        Ref:/WORK/PCS/PCS_RX_U/rx_gasket/temp_reg_reg[21]
  Impl DFF        Imp:/WORK/PCS/PCS_RX_U/rx_gasket/temp_reg_reg[21]

  Ref  DFF        Ref:/WORK/PCS/PCS_RX_U/rx_gasket/temp_reg_reg[22]
  Impl DFF        Imp:/WORK/PCS/PCS_RX_U/rx_gasket/temp_reg_reg[22]

  Ref  DFF        Ref:/WORK/PCS/PCS_RX_U/rx_gasket/temp_reg_reg[23]
  Impl DFF        Imp:/WORK/PCS/PCS_RX_U/rx_gasket/temp_reg_reg[23]

  Ref  DFF        Ref:/WORK/PCS/PCS_RX_U/rx_gasket/temp_reg_reg[24]
  Impl DFF        Imp:/WORK/PCS/PCS_RX_U/rx_gasket/temp_reg_reg[24]

  Ref  DFF        Ref:/WORK/PCS/PCS_RX_U/rx_gasket/temp_reg_reg[25]
  Impl DFF        Imp:/WORK/PCS/PCS_RX_U/rx_gasket/temp_reg_reg[25]

  Ref  DFF        Ref:/WORK/PCS/PCS_RX_U/rx_gasket/temp_reg_reg[26]
  Impl DFF        Imp:/WORK/PCS/PCS_RX_U/rx_gasket/temp_reg_reg[26]

  Ref  DFF        Ref:/WORK/PCS/PCS_RX_U/rx_gasket/temp_reg_reg[27]
  Impl DFF        Imp:/WORK/PCS/PCS_RX_U/rx_gasket/temp_reg_reg[27]

  Ref  DFF        Ref:/WORK/PCS/PCS_RX_U/rx_gasket/temp_reg_reg[28]
  Impl DFF        Imp:/WORK/PCS/PCS_RX_U/rx_gasket/temp_reg_reg[28]

  Ref  DFF        Ref:/WORK/PCS/PCS_RX_U/rx_gasket/temp_reg_reg[29]
  Impl DFF        Imp:/WORK/PCS/PCS_RX_U/rx_gasket/temp_reg_reg[29]

  Ref  DFF        Ref:/WORK/PCS/PCS_RX_U/rx_gasket/temp_reg_reg[2]
  Impl DFF        Imp:/WORK/PCS/PCS_RX_U/rx_gasket/temp_reg_reg[2]

  Ref  DFF        Ref:/WORK/PCS/PCS_RX_U/rx_gasket/temp_reg_reg[30]
  Impl DFF        Imp:/WORK/PCS/PCS_RX_U/rx_gasket/temp_reg_reg[30]

  Ref  DFF        Ref:/WORK/PCS/PCS_RX_U/rx_gasket/temp_reg_reg[31]
  Impl DFF        Imp:/WORK/PCS/PCS_RX_U/rx_gasket/temp_reg_reg[31]

  Ref  DFF        Ref:/WORK/PCS/PCS_RX_U/rx_gasket/temp_reg_reg[3]
  Impl DFF        Imp:/WORK/PCS/PCS_RX_U/rx_gasket/temp_reg_reg[3]

  Ref  DFF        Ref:/WORK/PCS/PCS_RX_U/rx_gasket/temp_reg_reg[4]
  Impl DFF        Imp:/WORK/PCS/PCS_RX_U/rx_gasket/temp_reg_reg[4]

  Ref  DFF        Ref:/WORK/PCS/PCS_RX_U/rx_gasket/temp_reg_reg[5]
  Impl DFF        Imp:/WORK/PCS/PCS_RX_U/rx_gasket/temp_reg_reg[5]

  Ref  DFF        Ref:/WORK/PCS/PCS_RX_U/rx_gasket/temp_reg_reg[6]
  Impl DFF        Imp:/WORK/PCS/PCS_RX_U/rx_gasket/temp_reg_reg[6]

  Ref  DFF        Ref:/WORK/PCS/PCS_RX_U/rx_gasket/temp_reg_reg[7]
  Impl DFF        Imp:/WORK/PCS/PCS_RX_U/rx_gasket/temp_reg_reg[7]

  Ref  DFF        Ref:/WORK/PCS/PCS_RX_U/rx_gasket/temp_reg_reg[8]
  Impl DFF        Imp:/WORK/PCS/PCS_RX_U/rx_gasket/temp_reg_reg[8]

  Ref  DFF        Ref:/WORK/PCS/PCS_RX_U/rx_gasket/temp_reg_reg[9]
  Impl DFF        Imp:/WORK/PCS/PCS_RX_U/rx_gasket/temp_reg_reg[9]

  Ref  DFF        Ref:/WORK/PCS/PCS_TX_U/Encoding_U/FSM_RD_U/current_state_reg
  Impl DFF        Imp:/WORK/PCS/PCS_TX_U/Encoding_U/FSM_RD_U/current_state_reg

  Ref  LAT        Ref:/WORK/PCS/PCS_TX_U/Encoding_U/line_coding_8_10_U/encoded_data_neg_reg[0]
  Impl LAT        Imp:/WORK/PCS/PCS_TX_U/Encoding_U/line_coding_8_10_U/encoded_data_neg_reg[0]

  Ref  LAT        Ref:/WORK/PCS/PCS_TX_U/Encoding_U/line_coding_8_10_U/encoded_data_neg_reg[1]
  Impl LAT        Imp:/WORK/PCS/PCS_TX_U/Encoding_U/line_coding_8_10_U/encoded_data_neg_reg[1]

  Ref  LAT        Ref:/WORK/PCS/PCS_TX_U/Encoding_U/line_coding_8_10_U/encoded_data_neg_reg[2]
  Impl LAT        Imp:/WORK/PCS/PCS_TX_U/Encoding_U/line_coding_8_10_U/encoded_data_neg_reg[2]

  Ref  LAT        Ref:/WORK/PCS/PCS_TX_U/Encoding_U/line_coding_8_10_U/encoded_data_neg_reg[3]
  Impl LAT        Imp:/WORK/PCS/PCS_TX_U/Encoding_U/line_coding_8_10_U/encoded_data_neg_reg[3]

  Ref  LAT        Ref:/WORK/PCS/PCS_TX_U/Encoding_U/line_coding_8_10_U/encoded_data_neg_reg[4]
  Impl LAT        Imp:/WORK/PCS/PCS_TX_U/Encoding_U/line_coding_8_10_U/encoded_data_neg_reg[4]

  Ref  LAT        Ref:/WORK/PCS/PCS_TX_U/Encoding_U/line_coding_8_10_U/encoded_data_neg_reg[5]
  Impl LAT        Imp:/WORK/PCS/PCS_TX_U/Encoding_U/line_coding_8_10_U/encoded_data_neg_reg[5]

  Ref  LAT        Ref:/WORK/PCS/PCS_TX_U/Encoding_U/line_coding_8_10_U/encoded_data_neg_reg[6]
  Impl LAT        Imp:/WORK/PCS/PCS_TX_U/Encoding_U/line_coding_8_10_U/encoded_data_neg_reg[6]

  Ref  LAT        Ref:/WORK/PCS/PCS_TX_U/Encoding_U/line_coding_8_10_U/encoded_data_neg_reg[7]
  Impl LAT        Imp:/WORK/PCS/PCS_TX_U/Encoding_U/line_coding_8_10_U/encoded_data_neg_reg[7]

  Ref  LAT        Ref:/WORK/PCS/PCS_TX_U/Encoding_U/line_coding_8_10_U/encoded_data_neg_reg[8]
  Impl LAT        Imp:/WORK/PCS/PCS_TX_U/Encoding_U/line_coding_8_10_U/encoded_data_neg_reg[8]

  Ref  LAT        Ref:/WORK/PCS/PCS_TX_U/Encoding_U/line_coding_8_10_U/encoded_data_neg_reg[9]
  Impl LAT        Imp:/WORK/PCS/PCS_TX_U/Encoding_U/line_coding_8_10_U/encoded_data_neg_reg[9]

  Ref  LAT        Ref:/WORK/PCS/PCS_TX_U/Encoding_U/line_coding_8_10_U/encoded_data_pos_reg[0]
  Impl LAT        Imp:/WORK/PCS/PCS_TX_U/Encoding_U/line_coding_8_10_U/encoded_data_pos_reg[0]

  Ref  LAT        Ref:/WORK/PCS/PCS_TX_U/Encoding_U/line_coding_8_10_U/encoded_data_pos_reg[1]
  Impl LAT        Imp:/WORK/PCS/PCS_TX_U/Encoding_U/line_coding_8_10_U/encoded_data_pos_reg[1]

  Ref  LAT        Ref:/WORK/PCS/PCS_TX_U/Encoding_U/line_coding_8_10_U/encoded_data_pos_reg[2]
  Impl LAT        Imp:/WORK/PCS/PCS_TX_U/Encoding_U/line_coding_8_10_U/encoded_data_pos_reg[2]

  Ref  LAT        Ref:/WORK/PCS/PCS_TX_U/Encoding_U/line_coding_8_10_U/encoded_data_pos_reg[3]
  Impl LAT        Imp:/WORK/PCS/PCS_TX_U/Encoding_U/line_coding_8_10_U/encoded_data_pos_reg[3]

  Ref  LAT        Ref:/WORK/PCS/PCS_TX_U/Encoding_U/line_coding_8_10_U/encoded_data_pos_reg[4]
  Impl LAT        Imp:/WORK/PCS/PCS_TX_U/Encoding_U/line_coding_8_10_U/encoded_data_pos_reg[4]

  Ref  LAT        Ref:/WORK/PCS/PCS_TX_U/Encoding_U/line_coding_8_10_U/encoded_data_pos_reg[5]
  Impl LAT        Imp:/WORK/PCS/PCS_TX_U/Encoding_U/line_coding_8_10_U/encoded_data_pos_reg[5]

  Ref  LAT        Ref:/WORK/PCS/PCS_TX_U/Encoding_U/line_coding_8_10_U/encoded_data_pos_reg[6]
  Impl LAT        Imp:/WORK/PCS/PCS_TX_U/Encoding_U/line_coding_8_10_U/encoded_data_pos_reg[6]

  Ref  LAT        Ref:/WORK/PCS/PCS_TX_U/Encoding_U/line_coding_8_10_U/encoded_data_pos_reg[7]
  Impl LAT        Imp:/WORK/PCS/PCS_TX_U/Encoding_U/line_coding_8_10_U/encoded_data_pos_reg[7]

  Ref  LAT        Ref:/WORK/PCS/PCS_TX_U/Encoding_U/line_coding_8_10_U/encoded_data_pos_reg[8]
  Impl LAT        Imp:/WORK/PCS/PCS_TX_U/Encoding_U/line_coding_8_10_U/encoded_data_pos_reg[8]

  Ref  LAT        Ref:/WORK/PCS/PCS_TX_U/Encoding_U/line_coding_8_10_U/encoded_data_pos_reg[9]
  Impl LAT        Imp:/WORK/PCS/PCS_TX_U/Encoding_U/line_coding_8_10_U/encoded_data_pos_reg[9]

  Ref  DFF        Ref:/WORK/PCS/PCS_TX_U/GasKet_U/Counter_16_reg
  Impl DFF        Imp:/WORK/PCS/PCS_TX_U/GasKet_U/Counter_16_reg

  Ref  DFF        Ref:/WORK/PCS/PCS_TX_U/GasKet_U/Counter_32_reg[0]
  Impl DFF        Imp:/WORK/PCS/PCS_TX_U/GasKet_U/Counter_32_reg[0]

  Ref  DFF        Ref:/WORK/PCS/PCS_TX_U/GasKet_U/Counter_32_reg[1]
  Impl DFF        Imp:/WORK/PCS/PCS_TX_U/GasKet_U/Counter_32_reg[1]

  Ref  DFF        Ref:/WORK/PCS/PCS_TX_U/GasKet_U/Enable_reg
  Impl DFF        Imp:/WORK/PCS/PCS_TX_U/GasKet_U/Enable_reg

  Ref  DFF        Ref:/WORK/PCS/PCS_TX_U/GasKet_U/MAC_TX_DataK_temp_reg[0]
  Impl DFF        Imp:/WORK/PCS/PCS_TX_U/GasKet_U/MAC_TX_DataK_temp_reg[0]

  Ref  DFF        Ref:/WORK/PCS/PCS_TX_U/GasKet_U/MAC_TX_DataK_temp_reg[1]
  Impl DFF        Imp:/WORK/PCS/PCS_TX_U/GasKet_U/MAC_TX_DataK_temp_reg[1]

  Ref  DFF        Ref:/WORK/PCS/PCS_TX_U/GasKet_U/MAC_TX_DataK_temp_reg[2]
  Impl DFF        Imp:/WORK/PCS/PCS_TX_U/GasKet_U/MAC_TX_DataK_temp_reg[2]

  Ref  DFF        Ref:/WORK/PCS/PCS_TX_U/GasKet_U/MAC_TX_DataK_temp_reg[3]
  Impl DFF        Imp:/WORK/PCS/PCS_TX_U/GasKet_U/MAC_TX_DataK_temp_reg[3]

  Ref  DFF        Ref:/WORK/PCS/PCS_TX_U/GasKet_U/MAC_TX_Data_temp_reg[0]
  Impl DFF        Imp:/WORK/PCS/PCS_TX_U/GasKet_U/MAC_TX_Data_temp_reg[0]

  Ref  DFF        Ref:/WORK/PCS/PCS_TX_U/GasKet_U/MAC_TX_Data_temp_reg[10]
  Impl DFF        Imp:/WORK/PCS/PCS_TX_U/GasKet_U/MAC_TX_Data_temp_reg[10]

  Ref  DFF        Ref:/WORK/PCS/PCS_TX_U/GasKet_U/MAC_TX_Data_temp_reg[11]
  Impl DFF        Imp:/WORK/PCS/PCS_TX_U/GasKet_U/MAC_TX_Data_temp_reg[11]

  Ref  DFF        Ref:/WORK/PCS/PCS_TX_U/GasKet_U/MAC_TX_Data_temp_reg[12]
  Impl DFF        Imp:/WORK/PCS/PCS_TX_U/GasKet_U/MAC_TX_Data_temp_reg[12]

  Ref  DFF        Ref:/WORK/PCS/PCS_TX_U/GasKet_U/MAC_TX_Data_temp_reg[13]
  Impl DFF        Imp:/WORK/PCS/PCS_TX_U/GasKet_U/MAC_TX_Data_temp_reg[13]

  Ref  DFF        Ref:/WORK/PCS/PCS_TX_U/GasKet_U/MAC_TX_Data_temp_reg[14]
  Impl DFF        Imp:/WORK/PCS/PCS_TX_U/GasKet_U/MAC_TX_Data_temp_reg[14]

  Ref  DFF        Ref:/WORK/PCS/PCS_TX_U/GasKet_U/MAC_TX_Data_temp_reg[15]
  Impl DFF        Imp:/WORK/PCS/PCS_TX_U/GasKet_U/MAC_TX_Data_temp_reg[15]

  Ref  DFF        Ref:/WORK/PCS/PCS_TX_U/GasKet_U/MAC_TX_Data_temp_reg[16]
  Impl DFF        Imp:/WORK/PCS/PCS_TX_U/GasKet_U/MAC_TX_Data_temp_reg[16]

  Ref  DFF        Ref:/WORK/PCS/PCS_TX_U/GasKet_U/MAC_TX_Data_temp_reg[17]
  Impl DFF        Imp:/WORK/PCS/PCS_TX_U/GasKet_U/MAC_TX_Data_temp_reg[17]

  Ref  DFF        Ref:/WORK/PCS/PCS_TX_U/GasKet_U/MAC_TX_Data_temp_reg[18]
  Impl DFF        Imp:/WORK/PCS/PCS_TX_U/GasKet_U/MAC_TX_Data_temp_reg[18]

  Ref  DFF        Ref:/WORK/PCS/PCS_TX_U/GasKet_U/MAC_TX_Data_temp_reg[19]
  Impl DFF        Imp:/WORK/PCS/PCS_TX_U/GasKet_U/MAC_TX_Data_temp_reg[19]

  Ref  DFF        Ref:/WORK/PCS/PCS_TX_U/GasKet_U/MAC_TX_Data_temp_reg[1]
  Impl DFF        Imp:/WORK/PCS/PCS_TX_U/GasKet_U/MAC_TX_Data_temp_reg[1]

  Ref  DFF        Ref:/WORK/PCS/PCS_TX_U/GasKet_U/MAC_TX_Data_temp_reg[20]
  Impl DFF        Imp:/WORK/PCS/PCS_TX_U/GasKet_U/MAC_TX_Data_temp_reg[20]

  Ref  DFF        Ref:/WORK/PCS/PCS_TX_U/GasKet_U/MAC_TX_Data_temp_reg[21]
  Impl DFF        Imp:/WORK/PCS/PCS_TX_U/GasKet_U/MAC_TX_Data_temp_reg[21]

  Ref  DFF        Ref:/WORK/PCS/PCS_TX_U/GasKet_U/MAC_TX_Data_temp_reg[22]
  Impl DFF        Imp:/WORK/PCS/PCS_TX_U/GasKet_U/MAC_TX_Data_temp_reg[22]

  Ref  DFF        Ref:/WORK/PCS/PCS_TX_U/GasKet_U/MAC_TX_Data_temp_reg[23]
  Impl DFF        Imp:/WORK/PCS/PCS_TX_U/GasKet_U/MAC_TX_Data_temp_reg[23]

  Ref  DFF        Ref:/WORK/PCS/PCS_TX_U/GasKet_U/MAC_TX_Data_temp_reg[24]
  Impl DFF        Imp:/WORK/PCS/PCS_TX_U/GasKet_U/MAC_TX_Data_temp_reg[24]

  Ref  DFF        Ref:/WORK/PCS/PCS_TX_U/GasKet_U/MAC_TX_Data_temp_reg[25]
  Impl DFF        Imp:/WORK/PCS/PCS_TX_U/GasKet_U/MAC_TX_Data_temp_reg[25]

  Ref  DFF        Ref:/WORK/PCS/PCS_TX_U/GasKet_U/MAC_TX_Data_temp_reg[26]
  Impl DFF        Imp:/WORK/PCS/PCS_TX_U/GasKet_U/MAC_TX_Data_temp_reg[26]

  Ref  DFF        Ref:/WORK/PCS/PCS_TX_U/GasKet_U/MAC_TX_Data_temp_reg[27]
  Impl DFF        Imp:/WORK/PCS/PCS_TX_U/GasKet_U/MAC_TX_Data_temp_reg[27]

  Ref  DFF        Ref:/WORK/PCS/PCS_TX_U/GasKet_U/MAC_TX_Data_temp_reg[28]
  Impl DFF        Imp:/WORK/PCS/PCS_TX_U/GasKet_U/MAC_TX_Data_temp_reg[28]

  Ref  DFF        Ref:/WORK/PCS/PCS_TX_U/GasKet_U/MAC_TX_Data_temp_reg[29]
  Impl DFF        Imp:/WORK/PCS/PCS_TX_U/GasKet_U/MAC_TX_Data_temp_reg[29]

  Ref  DFF        Ref:/WORK/PCS/PCS_TX_U/GasKet_U/MAC_TX_Data_temp_reg[2]
  Impl DFF        Imp:/WORK/PCS/PCS_TX_U/GasKet_U/MAC_TX_Data_temp_reg[2]

  Ref  DFF        Ref:/WORK/PCS/PCS_TX_U/GasKet_U/MAC_TX_Data_temp_reg[30]
  Impl DFF        Imp:/WORK/PCS/PCS_TX_U/GasKet_U/MAC_TX_Data_temp_reg[30]

  Ref  DFF        Ref:/WORK/PCS/PCS_TX_U/GasKet_U/MAC_TX_Data_temp_reg[31]
  Impl DFF        Imp:/WORK/PCS/PCS_TX_U/GasKet_U/MAC_TX_Data_temp_reg[31]

  Ref  DFF        Ref:/WORK/PCS/PCS_TX_U/GasKet_U/MAC_TX_Data_temp_reg[3]
  Impl DFF        Imp:/WORK/PCS/PCS_TX_U/GasKet_U/MAC_TX_Data_temp_reg[3]

  Ref  DFF        Ref:/WORK/PCS/PCS_TX_U/GasKet_U/MAC_TX_Data_temp_reg[4]
  Impl DFF        Imp:/WORK/PCS/PCS_TX_U/GasKet_U/MAC_TX_Data_temp_reg[4]

  Ref  DFF        Ref:/WORK/PCS/PCS_TX_U/GasKet_U/MAC_TX_Data_temp_reg[5]
  Impl DFF        Imp:/WORK/PCS/PCS_TX_U/GasKet_U/MAC_TX_Data_temp_reg[5]

  Ref  DFF        Ref:/WORK/PCS/PCS_TX_U/GasKet_U/MAC_TX_Data_temp_reg[6]
  Impl DFF        Imp:/WORK/PCS/PCS_TX_U/GasKet_U/MAC_TX_Data_temp_reg[6]

  Ref  DFF        Ref:/WORK/PCS/PCS_TX_U/GasKet_U/MAC_TX_Data_temp_reg[7]
  Impl DFF        Imp:/WORK/PCS/PCS_TX_U/GasKet_U/MAC_TX_Data_temp_reg[7]

  Ref  DFF        Ref:/WORK/PCS/PCS_TX_U/GasKet_U/MAC_TX_Data_temp_reg[8]
  Impl DFF        Imp:/WORK/PCS/PCS_TX_U/GasKet_U/MAC_TX_Data_temp_reg[8]

  Ref  DFF        Ref:/WORK/PCS/PCS_TX_U/GasKet_U/MAC_TX_Data_temp_reg[9]
  Impl DFF        Imp:/WORK/PCS/PCS_TX_U/GasKet_U/MAC_TX_Data_temp_reg[9]

  Ref  DFF        Ref:/WORK/PCS/PCS_TX_U/GasKet_U/TxDataK_reg
  Impl DFF        Imp:/WORK/PCS/PCS_TX_U/GasKet_U/TxDataK_reg

  Ref  DFF        Ref:/WORK/PCS/PCS_TX_U/GasKet_U/TxData_reg[0]
  Impl DFF        Imp:/WORK/PCS/PCS_TX_U/GasKet_U/TxData_reg[0]

  Ref  DFF        Ref:/WORK/PCS/PCS_TX_U/GasKet_U/TxData_reg[1]
  Impl DFF        Imp:/WORK/PCS/PCS_TX_U/GasKet_U/TxData_reg[1]

  Ref  DFF        Ref:/WORK/PCS/PCS_TX_U/GasKet_U/TxData_reg[2]
  Impl DFF        Imp:/WORK/PCS/PCS_TX_U/GasKet_U/TxData_reg[2]

  Ref  DFF        Ref:/WORK/PCS/PCS_TX_U/GasKet_U/TxData_reg[3]
  Impl DFF        Imp:/WORK/PCS/PCS_TX_U/GasKet_U/TxData_reg[3]

  Ref  DFF        Ref:/WORK/PCS/PCS_TX_U/GasKet_U/TxData_reg[4]
  Impl DFF        Imp:/WORK/PCS/PCS_TX_U/GasKet_U/TxData_reg[4]

  Ref  DFF        Ref:/WORK/PCS/PCS_TX_U/GasKet_U/TxData_reg[5]
  Impl DFF        Imp:/WORK/PCS/PCS_TX_U/GasKet_U/TxData_reg[5]

  Ref  DFF        Ref:/WORK/PCS/PCS_TX_U/GasKet_U/TxData_reg[6]
  Impl DFF        Imp:/WORK/PCS/PCS_TX_U/GasKet_U/TxData_reg[6]

  Ref  DFF        Ref:/WORK/PCS/PCS_TX_U/GasKet_U/TxData_reg[7]
  Impl DFF        Imp:/WORK/PCS/PCS_TX_U/GasKet_U/TxData_reg[7]

  Ref  Port       Ref:/WORK/PCS/Data_In_PMA[0]
  Impl Port       Imp:/WORK/PCS/Data_In_PMA[0]

  Ref  Port       Ref:/WORK/PCS/Data_In_PMA[1]
  Impl Port       Imp:/WORK/PCS/Data_In_PMA[1]

  Ref  Port       Ref:/WORK/PCS/Data_In_PMA[2]
  Impl Port       Imp:/WORK/PCS/Data_In_PMA[2]

  Ref  Port       Ref:/WORK/PCS/Data_In_PMA[3]
  Impl Port       Imp:/WORK/PCS/Data_In_PMA[3]

  Ref  Port       Ref:/WORK/PCS/Data_In_PMA[4]
  Impl Port       Imp:/WORK/PCS/Data_In_PMA[4]

  Ref  Port       Ref:/WORK/PCS/Data_In_PMA[5]
  Impl Port       Imp:/WORK/PCS/Data_In_PMA[5]

  Ref  Port       Ref:/WORK/PCS/Data_In_PMA[6]
  Impl Port       Imp:/WORK/PCS/Data_In_PMA[6]

  Ref  Port       Ref:/WORK/PCS/Data_In_PMA[7]
  Impl Port       Imp:/WORK/PCS/Data_In_PMA[7]

  Ref  Port       Ref:/WORK/PCS/Data_In_PMA[8]
  Impl Port       Imp:/WORK/PCS/Data_In_PMA[8]

  Ref  Port       Ref:/WORK/PCS/Data_In_PMA[9]
  Impl Port       Imp:/WORK/PCS/Data_In_PMA[9]

  Ref  Port       Ref:/WORK/PCS/RX_DataK
  Impl Port       Imp:/WORK/PCS/RX_DataK

  Ref  Port       Ref:/WORK/PCS/RX_Data[0]
  Impl Port       Imp:/WORK/PCS/RX_Data[0]

  Ref  Port       Ref:/WORK/PCS/RX_Data[10]
  Impl Port       Imp:/WORK/PCS/RX_Data[10]

  Ref  Port       Ref:/WORK/PCS/RX_Data[11]
  Impl Port       Imp:/WORK/PCS/RX_Data[11]

  Ref  Port       Ref:/WORK/PCS/RX_Data[12]
  Impl Port       Imp:/WORK/PCS/RX_Data[12]

  Ref  Port       Ref:/WORK/PCS/RX_Data[13]
  Impl Port       Imp:/WORK/PCS/RX_Data[13]

  Ref  Port       Ref:/WORK/PCS/RX_Data[14]
  Impl Port       Imp:/WORK/PCS/RX_Data[14]

  Ref  Port       Ref:/WORK/PCS/RX_Data[15]
  Impl Port       Imp:/WORK/PCS/RX_Data[15]

  Ref  Port       Ref:/WORK/PCS/RX_Data[16]
  Impl Port       Imp:/WORK/PCS/RX_Data[16]

  Ref  Port       Ref:/WORK/PCS/RX_Data[17]
  Impl Port       Imp:/WORK/PCS/RX_Data[17]

  Ref  Port       Ref:/WORK/PCS/RX_Data[18]
  Impl Port       Imp:/WORK/PCS/RX_Data[18]

  Ref  Port       Ref:/WORK/PCS/RX_Data[19]
  Impl Port       Imp:/WORK/PCS/RX_Data[19]

  Ref  Port       Ref:/WORK/PCS/RX_Data[1]
  Impl Port       Imp:/WORK/PCS/RX_Data[1]

  Ref  Port       Ref:/WORK/PCS/RX_Data[20]
  Impl Port       Imp:/WORK/PCS/RX_Data[20]

  Ref  Port       Ref:/WORK/PCS/RX_Data[21]
  Impl Port       Imp:/WORK/PCS/RX_Data[21]

  Ref  Port       Ref:/WORK/PCS/RX_Data[22]
  Impl Port       Imp:/WORK/PCS/RX_Data[22]

  Ref  Port       Ref:/WORK/PCS/RX_Data[23]
  Impl Port       Imp:/WORK/PCS/RX_Data[23]

  Ref  Port       Ref:/WORK/PCS/RX_Data[24]
  Impl Port       Imp:/WORK/PCS/RX_Data[24]

  Ref  Port       Ref:/WORK/PCS/RX_Data[25]
  Impl Port       Imp:/WORK/PCS/RX_Data[25]

  Ref  Port       Ref:/WORK/PCS/RX_Data[26]
  Impl Port       Imp:/WORK/PCS/RX_Data[26]

  Ref  Port       Ref:/WORK/PCS/RX_Data[27]
  Impl Port       Imp:/WORK/PCS/RX_Data[27]

  Ref  Port       Ref:/WORK/PCS/RX_Data[28]
  Impl Port       Imp:/WORK/PCS/RX_Data[28]

  Ref  Port       Ref:/WORK/PCS/RX_Data[29]
  Impl Port       Imp:/WORK/PCS/RX_Data[29]

  Ref  Port       Ref:/WORK/PCS/RX_Data[2]
  Impl Port       Imp:/WORK/PCS/RX_Data[2]

  Ref  Port       Ref:/WORK/PCS/RX_Data[30]
  Impl Port       Imp:/WORK/PCS/RX_Data[30]

  Ref  Port       Ref:/WORK/PCS/RX_Data[31]
  Impl Port       Imp:/WORK/PCS/RX_Data[31]

  Ref  Port       Ref:/WORK/PCS/RX_Data[3]
  Impl Port       Imp:/WORK/PCS/RX_Data[3]

  Ref  Port       Ref:/WORK/PCS/RX_Data[4]
  Impl Port       Imp:/WORK/PCS/RX_Data[4]

  Ref  Port       Ref:/WORK/PCS/RX_Data[5]
  Impl Port       Imp:/WORK/PCS/RX_Data[5]

  Ref  Port       Ref:/WORK/PCS/RX_Data[6]
  Impl Port       Imp:/WORK/PCS/RX_Data[6]

  Ref  Port       Ref:/WORK/PCS/RX_Data[7]
  Impl Port       Imp:/WORK/PCS/RX_Data[7]

  Ref  Port       Ref:/WORK/PCS/RX_Data[8]
  Impl Port       Imp:/WORK/PCS/RX_Data[8]

  Ref  Port       Ref:/WORK/PCS/RX_Data[9]
  Impl Port       Imp:/WORK/PCS/RX_Data[9]

  Ref  Port       Ref:/WORK/PCS/RX_Status[0]
  Impl Port       Imp:/WORK/PCS/RX_Status[0]

  Ref  Port       Ref:/WORK/PCS/RX_Status[1]
  Impl Port       Imp:/WORK/PCS/RX_Status[1]

  Ref  Port       Ref:/WORK/PCS/RX_Status[2]
  Impl Port       Imp:/WORK/PCS/RX_Status[2]

  Ref  Port       Ref:/WORK/PCS/RX_Valid
  Impl Port       Imp:/WORK/PCS/RX_Valid

 [BBNet: multiply-driven net
  BBPin: black-box pin
  Cut:   cut-point
  DFF:   non-constant DFF register
  DFF0:  constant 0 DFF register
  DFF1:  constant 1 DFF register
  DFFX:  constant X DFF register
  DFF0X: constrained 0X DFF register
  DFF1X: constrained 1X DFF register
  LAT:   non-constant latch register
  LAT0:  constant 0 latch register
  LAT1:  constant 1 latch register
  LATX:  constant X latch register
  LAT0X: constrained 0X latch register
  LAT1X: constrained 1X latch register
  LATCG: clock-gating latch register
  TLA:   transparent latch register
  TLA0X: transparent constrained 0X latch register
  TLA1X: transparent constrained 1X latch register
  Loop:  cycle break point
  Port:  primary (top-level) port
  Und:   undriven signal cut-point
  Unk:   unknown signal cut-point]

1
